Archive member included to satisfy reference by file (symbol)

d:/stm32 cubeide/stm32cubeide_1.12.0/stm32cubeide/plugins/com.st.stm32cube.ide.mcu.externaltools.gnu-tools-for-stm32.10.3-2021.10.win32_1.0.200.202301161003/tools/bin/../lib/gcc/arm-none-eabi/10.3.1/../../../../arm-none-eabi/lib/thumb/v7e-m+fp/hard\libc_nano.a(lib_a-errno.o)
                              ./Core/Src/syscalls.o (__errno)
d:/stm32 cubeide/stm32cubeide_1.12.0/stm32cubeide/plugins/com.st.stm32cube.ide.mcu.externaltools.gnu-tools-for-stm32.10.3-2021.10.win32_1.0.200.202301161003/tools/bin/../lib/gcc/arm-none-eabi/10.3.1/../../../../arm-none-eabi/lib/thumb/v7e-m+fp/hard\libc_nano.a(lib_a-exit.o)
                              d:/stm32 cubeide/stm32cubeide_1.12.0/stm32cubeide/plugins/com.st.stm32cube.ide.mcu.externaltools.gnu-tools-for-stm32.10.3-2021.10.win32_1.0.200.202301161003/tools/bin/../lib/gcc/arm-none-eabi/10.3.1/../../../../arm-none-eabi/lib/thumb/v7e-m+fp/hard/crt0.o (exit)
d:/stm32 cubeide/stm32cubeide_1.12.0/stm32cubeide/plugins/com.st.stm32cube.ide.mcu.externaltools.gnu-tools-for-stm32.10.3-2021.10.win32_1.0.200.202301161003/tools/bin/../lib/gcc/arm-none-eabi/10.3.1/../../../../arm-none-eabi/lib/thumb/v7e-m+fp/hard\libc_nano.a(lib_a-impure.o)
                              d:/stm32 cubeide/stm32cubeide_1.12.0/stm32cubeide/plugins/com.st.stm32cube.ide.mcu.externaltools.gnu-tools-for-stm32.10.3-2021.10.win32_1.0.200.202301161003/tools/bin/../lib/gcc/arm-none-eabi/10.3.1/../../../../arm-none-eabi/lib/thumb/v7e-m+fp/hard\libc_nano.a(lib_a-exit.o) (_global_impure_ptr)
d:/stm32 cubeide/stm32cubeide_1.12.0/stm32cubeide/plugins/com.st.stm32cube.ide.mcu.externaltools.gnu-tools-for-stm32.10.3-2021.10.win32_1.0.200.202301161003/tools/bin/../lib/gcc/arm-none-eabi/10.3.1/../../../../arm-none-eabi/lib/thumb/v7e-m+fp/hard\libc_nano.a(lib_a-init.o)
                              d:/stm32 cubeide/stm32cubeide_1.12.0/stm32cubeide/plugins/com.st.stm32cube.ide.mcu.externaltools.gnu-tools-for-stm32.10.3-2021.10.win32_1.0.200.202301161003/tools/bin/../lib/gcc/arm-none-eabi/10.3.1/../../../../arm-none-eabi/lib/thumb/v7e-m+fp/hard/crt0.o (__libc_init_array)
d:/stm32 cubeide/stm32cubeide_1.12.0/stm32cubeide/plugins/com.st.stm32cube.ide.mcu.externaltools.gnu-tools-for-stm32.10.3-2021.10.win32_1.0.200.202301161003/tools/bin/../lib/gcc/arm-none-eabi/10.3.1/../../../../arm-none-eabi/lib/thumb/v7e-m+fp/hard\libc_nano.a(lib_a-malloc.o)
                              ./Core/Src/W25Q32/W25Q32.o (malloc)
d:/stm32 cubeide/stm32cubeide_1.12.0/stm32cubeide/plugins/com.st.stm32cube.ide.mcu.externaltools.gnu-tools-for-stm32.10.3-2021.10.win32_1.0.200.202301161003/tools/bin/../lib/gcc/arm-none-eabi/10.3.1/../../../../arm-none-eabi/lib/thumb/v7e-m+fp/hard\libc_nano.a(lib_a-memcpy-stub.o)
                              ./Core/Src/SSD1306/ssd1306.o (memcpy)
d:/stm32 cubeide/stm32cubeide_1.12.0/stm32cubeide/plugins/com.st.stm32cube.ide.mcu.externaltools.gnu-tools-for-stm32.10.3-2021.10.win32_1.0.200.202301161003/tools/bin/../lib/gcc/arm-none-eabi/10.3.1/../../../../arm-none-eabi/lib/thumb/v7e-m+fp/hard\libc_nano.a(lib_a-memmove.o)
                              ./Core/Src/SSD1306/ssd1306_tests.o (memmove)
d:/stm32 cubeide/stm32cubeide_1.12.0/stm32cubeide/plugins/com.st.stm32cube.ide.mcu.externaltools.gnu-tools-for-stm32.10.3-2021.10.win32_1.0.200.202301161003/tools/bin/../lib/gcc/arm-none-eabi/10.3.1/../../../../arm-none-eabi/lib/thumb/v7e-m+fp/hard\libc_nano.a(lib_a-memset.o)
                              d:/stm32 cubeide/stm32cubeide_1.12.0/stm32cubeide/plugins/com.st.stm32cube.ide.mcu.externaltools.gnu-tools-for-stm32.10.3-2021.10.win32_1.0.200.202301161003/tools/bin/../lib/gcc/arm-none-eabi/10.3.1/../../../../arm-none-eabi/lib/thumb/v7e-m+fp/hard/crt0.o (memset)
d:/stm32 cubeide/stm32cubeide_1.12.0/stm32cubeide/plugins/com.st.stm32cube.ide.mcu.externaltools.gnu-tools-for-stm32.10.3-2021.10.win32_1.0.200.202301161003/tools/bin/../lib/gcc/arm-none-eabi/10.3.1/../../../../arm-none-eabi/lib/thumb/v7e-m+fp/hard\libc_nano.a(lib_a-nano-freer.o)
                              d:/stm32 cubeide/stm32cubeide_1.12.0/stm32cubeide/plugins/com.st.stm32cube.ide.mcu.externaltools.gnu-tools-for-stm32.10.3-2021.10.win32_1.0.200.202301161003/tools/bin/../lib/gcc/arm-none-eabi/10.3.1/../../../../arm-none-eabi/lib/thumb/v7e-m+fp/hard\libc_nano.a(lib_a-malloc.o) (_free_r)
d:/stm32 cubeide/stm32cubeide_1.12.0/stm32cubeide/plugins/com.st.stm32cube.ide.mcu.externaltools.gnu-tools-for-stm32.10.3-2021.10.win32_1.0.200.202301161003/tools/bin/../lib/gcc/arm-none-eabi/10.3.1/../../../../arm-none-eabi/lib/thumb/v7e-m+fp/hard\libc_nano.a(lib_a-nano-mallocr.o)
                              d:/stm32 cubeide/stm32cubeide_1.12.0/stm32cubeide/plugins/com.st.stm32cube.ide.mcu.externaltools.gnu-tools-for-stm32.10.3-2021.10.win32_1.0.200.202301161003/tools/bin/../lib/gcc/arm-none-eabi/10.3.1/../../../../arm-none-eabi/lib/thumb/v7e-m+fp/hard\libc_nano.a(lib_a-malloc.o) (_malloc_r)
[...]
Memory Configuration

Name             Origin             Length             Attributes
RAM              0x0000000020000000 0x0000000000020000 xrw
FLASH            0x0000000008000000 0x0000000000080000 xr
*default*        0x0000000000000000 0xffffffffffffffff

Linker script and memory map

LOAD d:/stm32 cubeide/stm32cubeide_1.12.0/stm32cubeide/plugins/com.st.stm32cube.ide.mcu.externaltools.gnu-tools-for-stm32.10.3-2021.10.win32_1.0.200.202301161003/tools/bin/../lib/gcc/arm-none-eabi/10.3.1/thumb/v7e-m+fp/hard/crti.o
LOAD d:/stm32 cubeide/stm32cubeide_1.12.0/stm32cubeide/plugins/com.st.stm32cube.ide.mcu.externaltools.gnu-tools-for-stm32.10.3-2021.10.win32_1.0.200.202301161003/tools/bin/../lib/gcc/arm-none-eabi/10.3.1/thumb/v7e-m+fp/hard/crtbegin.o
LOAD d:/stm32 cubeide/stm32cubeide_1.12.0/stm32cubeide/plugins/com.st.stm32cube.ide.mcu.externaltools.gnu-tools-for-stm32.10.3-2021.10.win32_1.0.200.202301161003/tools/bin/../lib/gcc/arm-none-eabi/10.3.1/../../../../arm-none-eabi/lib/thumb/v7e-m+fp/hard/crt0.o
LOAD ./Core/Src/DHT11/dht.o
LOAD ./Core/Src/DS1307/DS1307.o
LOAD ./Core/Src/MQ135/MQ135.o
LOAD ./Core/Src/SSD1306/ssd1306.o
LOAD ./Core/Src/SSD1306/ssd1306_fonts.o
LOAD ./Core/Src/SSD1306/ssd1306_tests.o
LOAD ./Core/Src/W25Q32/W25Q32.o
LOAD ./Core/Src/main.o
LOAD ./Core/Src/stm32f4xx_hal_msp.o
LOAD ./Core/Src/stm32f4xx_it.o
LOAD ./Core/Src/syscalls.o
LOAD ./Core/Src/sysmem.o
LOAD ./Core/Src/system_stm32f4xx.o
LOAD ./Core/Startup/startup_stm32f411ceux.o
LOAD ./Drivers/STM32F4xx_HAL_Driver/Src/stm32f4xx_hal.o
LOAD ./Drivers/STM32F4xx_HAL_Driver/Src/stm32f4xx_hal_adc.o
LOAD ./Drivers/STM32F4xx_HAL_Driver/Src/stm32f4xx_hal_adc_ex.o
LOAD ./Drivers/STM32F4xx_HAL_Driver/Src/stm32f4xx_hal_cortex.o
LOAD ./Drivers/STM32F4xx_HAL_Driver/Src/stm32f4xx_hal_dma.o
LOAD ./Drivers/STM32F4xx_HAL_Driver/Src/stm32f4xx_hal_dma_ex.o
LOAD ./Drivers/STM32F4xx_HAL_Driver/Src/stm32f4xx_hal_exti.o
LOAD ./Drivers/STM32F4xx_HAL_Driver/Src/stm32f4xx_hal_flash.o
LOAD ./Drivers/STM32F4xx_HAL_Driver/Src/stm32f4xx_hal_flash_ex.o
LOAD ./Drivers/STM32F4xx_HAL_Driver/Src/stm32f4xx_hal_flash_ramfunc.o
LOAD ./Drivers/STM32F4xx_HAL_Driver/Src/stm32f4xx_hal_gpio.o
LOAD ./Drivers/STM32F4xx_HAL_Driver/Src/stm32f4xx_hal_i2c.o
LOAD ./Drivers/STM32F4xx_HAL_Driver/Src/stm32f4xx_hal_i2c_ex.o
LOAD ./Drivers/STM32F4xx_HAL_Driver/Src/stm32f4xx_hal_pwr.o
LOAD ./Drivers/STM32F4xx_HAL_Driver/Src/stm32f4xx_hal_pwr_ex.o
LOAD ./Drivers/STM32F4xx_HAL_Driver/Src/stm32f4xx_hal_rcc.o
LOAD ./Drivers/STM32F4xx_HAL_Driver/Src/stm32f4xx_hal_rcc_ex.o
LOAD ./Drivers/STM32F4xx_HAL_Driver/Src/stm32f4xx_hal_spi.o
LOAD ./Drivers/STM32F4xx_HAL_Driver/Src/stm32f4xx_hal_tim.o
LOAD ./Drivers/STM32F4xx_HAL_Driver/Src/stm32f4xx_hal_tim_ex.o
LOAD ./Drivers/STM32F4xx_HAL_Driver/Src/stm32f4xx_hal_uart.o
LOAD ./Drivers/STM32F4xx_HAL_Driver/Src/stm32f4xx_ll_adc.o
START GROUP
LOAD d:/stm32 cubeide/stm32cubeide_1.12.0/stm32cubeide/plugins/com.st.stm32cube.ide.mcu.externaltools.gnu-tools-for-stm32.10.3-2021.10.win32_1.0.200.202301161003/tools/bin/../lib/gcc/arm-none-eabi/10.3.1/../../../../arm-none-eabi/lib/thumb/v7e-m+fp/hard\libc_nano.a
LOAD d:/stm32 cubeide/stm32cubeide_1.12.0/stm32cubeide/plugins/com.st.stm32cube.ide.mcu.externaltools.gnu-tools-for-stm32.10.3-2021.10.win32_1.0.200.202301161003/tools/bin/../lib/gcc/arm-none-eabi/10.3.1/../../../../arm-none-eabi/lib/thumb/v7e-m+fp/hard\libm.a
END GROUP
START GROUP
LOAD d:/stm32 cubeide/stm32cubeide_1.12.0/stm32cubeide/plugins/com.st.stm32cube.ide.mcu.externaltools.gnu-tools-for-stm32.10.3-2021.10.win32_1.0.200.202301161003/tools/bin/../lib/gcc/arm-none-eabi/10.3.1/thumb/v7e-m+fp/hard\libgcc.a
LOAD d:/stm32 cubeide/stm32cubeide_1.12.0/stm32cubeide/plugins/com.st.stm32cube.ide.mcu.externaltools.gnu-tools-for-stm32.10.3-2021.10.win32_1.0.200.202301161003/tools/bin/../lib/gcc/arm-none-eabi/10.3.1/../../../../arm-none-eabi/lib/thumb/v7e-m+fp/hard\libc_nano.a
END GROUP
START GROUP
LOAD d:/stm32 cubeide/stm32cubeide_1.12.0/stm32cubeide/plugins/com.st.stm32cube.ide.mcu.externaltools.gnu-tools-for-stm32.10.3-2021.10.win32_1.0.200.202301161003/tools/bin/../lib/gcc/arm-none-eabi/10.3.1/thumb/v7e-m+fp/hard\libgcc.a
LOAD d:/stm32 cubeide/stm32cubeide_1.12.0/stm32cubeide/plugins/com.st.stm32cube.ide.mcu.externaltools.gnu-tools-for-stm32.10.3-2021.10.win32_1.0.200.202301161003/tools/bin/../lib/gcc/arm-none-eabi/10.3.1/../../../../arm-none-eabi/lib/thumb/v7e-m+fp/hard\libc_nano.a
LOAD d:/stm32 cubeide/stm32cubeide_1.12.0/stm32cubeide/plugins/com.st.stm32cube.ide.mcu.externaltools.gnu-tools-for-stm32.10.3-2021.10.win32_1.0.200.202301161003/tools/bin/../lib/gcc/arm-none-eabi/10.3.1/../../../../arm-none-eabi/lib/thumb/v7e-m+fp/hard\libnosys.a
END GROUP
START GROUP
LOAD d:/stm32 cubeide/stm32cubeide_1.12.0/stm32cubeide/plugins/com.st.stm32cube.ide.mcu.externaltools.gnu-tools-for-stm32.10.3-2021.10.win32_1.0.200.202301161003/tools/bin/../lib/gcc/arm-none-eabi/10.3.1/thumb/v7e-m+fp/hard\libgcc.a
LOAD d:/stm32 cubeide/stm32cubeide_1.12.0/stm32cubeide/plugins/com.st.stm32cube.ide.mcu.externaltools.gnu-tools-for-stm32.10.3-2021.10.win32_1.0.200.202301161003/tools/bin/../lib/gcc/arm-none-eabi/10.3.1/../../../../arm-none-eabi/lib/thumb/v7e-m+fp/hard\libc_nano.a
LOAD d:/stm32 cubeide/stm32cubeide_1.12.0/stm32cubeide/plugins/com.st.stm32cube.ide.mcu.externaltools.gnu-tools-for-stm32.10.3-2021.10.win32_1.0.200.202301161003/tools/bin/../lib/gcc/arm-none-eabi/10.3.1/../../../../arm-none-eabi/lib/thumb/v7e-m+fp/hard\libnosys.a
END GROUP
LOAD d:/stm32 cubeide/stm32cubeide_1.12.0/stm32cubeide/plugins/com.st.stm32cube.ide.mcu.externaltools.gnu-tools-for-stm32.10.3-2021.10.win32_1.0.200.202301161003/tools/bin/../lib/gcc/arm-none-eabi/10.3.1/thumb/v7e-m+fp/hard/crtend.o
LOAD d:/stm32 cubeide/stm32cubeide_1.12.0/stm32cubeide/plugins/com.st.stm32cube.ide.mcu.externaltools.gnu-tools-for-stm32.10.3-2021.10.win32_1.0.200.202301161003/tools/bin/../lib/gcc/arm-none-eabi/10.3.1/thumb/v7e-m+fp/hard/crtn.o
                0x0000000020020000                _estack = (ORIGIN (RAM) + LENGTH (RAM))
                0x0000000000000200                _Min_Heap_Size = 0x200
                0x0000000000000400                _Min_Stack_Size = 0x400

.isr_vector     0x0000000008000000      0x198
                0x0000000008000000                . = ALIGN (0x4)
 *(.isr_vector)
 .isr_vector    0x0000000008000000      0x198 ./Core/Startup/startup_stm32f411ceux.o
                0x0000000008000000                g_pfnVectors
                0x0000000008000198                . = ALIGN (0x4)

.text           0x00000000080001a0     0xe8cc
                0x00000000080001a0                . = ALIGN (0x4)
 *(.text)
 .text          0x00000000080001a0       0x40 d:/stm32 cubeide/stm32cubeide_1.12.0/stm32cubeide/plugins/com.st.stm32cube.ide.mcu.externaltools.gnu-tools-for-stm32.10.3-2021.10.win32_1.0.200.202301161003/tools/bin/../lib/gcc/arm-none-eabi/10.3.1/thumb/v7e-m+fp/hard/crtbegin.o
 .text          0x00000000080001e0       0x10 d:/stm32 cubeide/stm32cubeide_1.12.0/stm32cubeide/plugins/com.st.stm32cube.ide.mcu.externaltools.gnu-tools-for-stm32.10.3-2021.10.win32_1.0.200.202301161003/tools/bin/../lib/gcc/arm-none-eabi/10.3.1/../../../../arm-none-eabi/lib/thumb/v7e-m+fp/hard\libc_nano.a(lib_a-strlen.o)
                0x00000000080001e0                strlen
 .text          0x00000000080001f0       0xa0 d:/stm32 cubeide/stm32cubeide_1.12.0/stm32cubeide/plugins/com.st.stm32cube.ide.mcu.externaltools.gnu-tools-for-stm32.10.3-2021.10.win32_1.0.200.202301161003/tools/bin/../lib/gcc/arm-none-eabi/10.3.1/../../../../arm-none-eabi/lib/thumb/v7e-m+fp/hard\libc_nano.a(lib_a-memchr.o)
                0x00000000080001f0                memchr
 .text          0x0000000008000290      0x378 d:/stm32 cubeide/stm32cubeide_1.12.0/stm32cubeide/plugins/com.st.stm32cube.ide.mcu.externaltools.gnu-tools-for-stm32.10.3-2021.10.win32_1.0.200.202301161003/tools/bin/../lib/gcc/arm-none-eabi/10.3.1/thumb/v7e-m+fp/hard\libgcc.a(_arm_addsubdf3.o)
                0x0000000008000290                __aeabi_drsub
                0x0000000008000298                __aeabi_dsub
                0x0000000008000298                __subdf3
                0x000000000800029c                __aeabi_dadd
                0x000000000800029c                __adddf3
                0x0000000008000514                __floatunsidf
                0x0000000008000514                __aeabi_ui2d
                0x0000000008000534                __floatsidf
                0x0000000008000534                __aeabi_i2d
                0x0000000008000558                __aeabi_f2d
                0x0000000008000558                __extendsfdf2
                0x000000000800059c                __floatundidf
                0x000000000800059c                __aeabi_ul2d
                0x00000000080005ac                __floatdidf
                0x00000000080005ac                __aeabi_l2d
 .text          0x0000000008000608      0x424 d:/stm32 cubeide/stm32cubeide_1.12.0/stm32cubeide/plugins/com.st.stm32cube.ide.mcu.externaltools.gnu-tools-for-stm32.10.3-2021.10.win32_1.0.200.202301161003/tools/bin/../lib/gcc/arm-none-eabi/10.3.1/thumb/v7e-m+fp/hard\libgcc.a(_arm_muldivdf3.o)
                0x0000000008000608                __aeabi_dmul
                0x0000000008000608                __muldf3
                0x000000000800085c                __divdf3
                0x000000000800085c                __aeabi_ddiv
 .text          0x0000000008000a2c      0x110 d:/stm32 cubeide/stm32cubeide_1.12.0/stm32cubeide/plugins/com.st.stm32cube.ide.mcu.externaltools.gnu-tools-for-stm32.10.3-2021.10.win32_1.0.200.202301161003/tools/bin/../lib/gcc/arm-none-eabi/10.3.1/thumb/v7e-m+fp/hard\libgcc.a(_arm_cmpdf2.o)
                0x0000000008000a2c                __gtdf2
                0x0000000008000a2c                __gedf2
                0x0000000008000a34                __ltdf2
                0x0000000008000a34                __ledf2
                0x0000000008000a3c                __nedf2
                0x0000000008000a3c                __eqdf2
                0x0000000008000a3c                __cmpdf2
                0x0000000008000ab8                __aeabi_cdrcmple
                0x0000000008000ac8                __aeabi_cdcmpeq
                0x0000000008000ac8                __aeabi_cdcmple
                0x0000000008000ad8                __aeabi_dcmpeq
                0x0000000008000aec                __aeabi_dcmplt
                0x0000000008000b00                __aeabi_dcmple
                0x0000000008000b14                __aeabi_dcmpge
                0x0000000008000b28                __aeabi_dcmpgt
 .text          0x0000000008000b3c       0x2c d:/stm32 cubeide/stm32cubeide_1.12.0/stm32cubeide/plugins/com.st.stm32cube.ide.mcu.externaltools.gnu-tools-for-stm32.10.3-2021.10.win32_1.0.200.202301161003/tools/bin/../lib/gcc/arm-none-eabi/10.3.1/thumb/v7e-m+fp/hard\libgcc.a(_arm_unorddf2.o)
                0x0000000008000b3c                __unorddf2
                0x0000000008000b3c                __aeabi_dcmpun
 .text          0x0000000008000b68       0x50 d:/stm32 cubeide/stm32cubeide_1.12.0/stm32cubeide/plugins/com.st.stm32cube.ide.mcu.externaltools.gnu-tools-for-stm32.10.3-2021.10.win32_1.0.200.202301161003/tools/bin/../lib/gcc/arm-none-eabi/10.3.1/thumb/v7e-m+fp/hard\libgcc.a(_arm_fixdfsi.o)
                0x0000000008000b68                __aeabi_d2iz
                0x0000000008000b68                __fixdfsi
 .text          0x0000000008000bb8       0x40 d:/stm32 cubeide/stm32cubeide_1.12.0/stm32cubeide/plugins/com.st.stm32cube.ide.mcu.externaltools.gnu-tools-for-stm32.10.3-2021.10.win32_1.0.200.202301161003/tools/bin/../lib/gcc/arm-none-eabi/10.3.1/thumb/v7e-m+fp/hard\libgcc.a(_arm_fixunsdfsi.o)
                0x0000000008000bb8                __aeabi_d2uiz
                0x0000000008000bb8                __fixunsdfsi
 .text          0x0000000008000bf8       0xa0 d:/stm32 cubeide/stm32cubeide_1.12.0/stm32cubeide/plugins/com.st.stm32cube.ide.mcu.externaltools.gnu-tools-for-stm32.10.3-2021.10.win32_1.0.200.202301161003/tools/bin/../lib/gcc/arm-none-eabi/10.3.1/thumb/v7e-m+fp/hard\libgcc.a(_arm_truncdfsf2.o)
                0x0000000008000bf8                __truncdfsf2
                0x0000000008000bf8                __aeabi_d2f
 .text          0x0000000008000c98       0x30 d:/stm32 cubeide/stm32cubeide_1.12.0/stm32cubeide/plugins/com.st.stm32cube.ide.mcu.externaltools.gnu-tools-for-stm32.10.3-2021.10.win32_1.0.200.202301161003/tools/bin/../lib/gcc/arm-none-eabi/10.3.1/thumb/v7e-m+fp/hard\libgcc.a(_aeabi_uldivmod.o)
                0x0000000008000c98                __aeabi_uldivmod
 .text          0x0000000008000cc8       0x30 d:/stm32 cubeide/stm32cubeide_1.12.0/stm32cubeide/plugins/com.st.stm32cube.ide.mcu.externaltools.gnu-tools-for-stm32.10.3-2021.10.win32_1.0.200.202301161003/tools/bin/../lib/gcc/arm-none-eabi/10.3.1/thumb/v7e-m+fp/hard\libgcc.a(_fixdfdi.o)
                0x0000000008000cc8                __fixdfdi
                0x0000000008000cc8                __aeabi_d2lz
 .text          0x0000000008000cf8       0x3c d:/stm32 cubeide/stm32cubeide_1.12.0/stm32cubeide/plugins/com.st.stm32cube.ide.mcu.externaltools.gnu-tools-for-stm32.10.3-2021.10.win32_1.0.200.202301161003/tools/bin/../lib/gcc/arm-none-eabi/10.3.1/thumb/v7e-m+fp/hard\libgcc.a(_fixunsdfdi.o)
                0x0000000008000cf8                __fixunsdfdi
                0x0000000008000cf8                __aeabi_d2ulz
 .text          0x0000000008000d34      0x2d0 d:/stm32 cubeide/stm32cubeide_1.12.0/stm32cubeide/plugins/com.st.stm32cube.ide.mcu.externaltools.gnu-tools-for-stm32.10.3-2021.10.win32_1.0.200.202301161003/tools/bin/../lib/gcc/arm-none-eabi/10.3.1/thumb/v7e-m+fp/hard\libgcc.a(_udivmoddi4.o)
                0x0000000008000d34                __udivmoddi4
 .text          0x0000000008001004        0x4 d:/stm32 cubeide/stm32cubeide_1.12.0/stm32cubeide/plugins/com.st.stm32cube.ide.mcu.externaltools.gnu-tools-for-stm32.10.3-2021.10.win32_1.0.200.202301161003/tools/bin/../lib/gcc/arm-none-eabi/10.3.1/thumb/v7e-m+fp/hard\libgcc.a(_dvmd_tls.o)
                0x0000000008001004                __aeabi_idiv0
                0x0000000008001004                __aeabi_ldiv0
 *(.text*)
 .text.init_dht11
                0x0000000008001008       0x2c ./Core/Src/DHT11/dht.o
                0x0000000008001008                init_dht11
 .text.set_dht11_gpio_mode
                0x0000000008001034       0x76 ./Core/Src/DHT11/dht.o
                0x0000000008001034                set_dht11_gpio_mode
 .text.readDHT11
                0x00000000080010aa      0x2dc ./Core/Src/DHT11/dht.o
                0x00000000080010aa                readDHT11
 .text.DS1307_DecodeBCD
                0x0000000008001386       0x32 ./Core/Src/DS1307/DS1307.o
                0x0000000008001386                DS1307_DecodeBCD
 .text.DS1307_EncodeBCD
                0x00000000080013b8       0x44 ./Core/Src/DS1307/DS1307.o
                0x00000000080013b8                DS1307_EncodeBCD
 .text.DS1307_gettime
                0x00000000080013fc       0xec ./Core/Src/DS1307/DS1307.o
                0x00000000080013fc                DS1307_gettime
 .text.DS1307_SetRegByte
                0x00000000080014e8       0x34 ./Core/Src/DS1307/DS1307.o
                0x00000000080014e8                DS1307_SetRegByte
 .text.DS1307_GetClockHalt
                0x000000000800151c       0x24 ./Core/Src/DS1307/DS1307.o
                0x000000000800151c                DS1307_GetClockHalt
 .text.DS1307_settime
                0x0000000008001540       0xf4 ./Core/Src/DS1307/DS1307.o
                0x0000000008001540                DS1307_settime
 .text.DS1307_GetRegByte
                0x0000000008001634       0x3c ./Core/Src/DS1307/DS1307.o
                0x0000000008001634                DS1307_GetRegByte
 .text.DS1307_SetClockHalt
                0x0000000008001670       0x48 ./Core/Src/DS1307/DS1307.o
                0x0000000008001670                DS1307_SetClockHalt
 .text.DS1307_SetTimeZone
                0x00000000080016b8       0x30 ./Core/Src/DS1307/DS1307.o
                0x00000000080016b8                DS1307_SetTimeZone
 .text.DS1307_config
                0x00000000080016e8       0x22 ./Core/Src/DS1307/DS1307.o
                0x00000000080016e8                DS1307_config
 *fill*         0x000000000800170a        0x2 
 .text.MQ135_getVoltage
                0x000000000800170c       0x34 ./Core/Src/MQ135/MQ135.o
                0x000000000800170c                MQ135_getVoltage
 .text.MQ135_getCorrectionFactor
                0x0000000008001740      0x130 ./Core/Src/MQ135/MQ135.o
                0x0000000008001740                MQ135_getCorrectionFactor
 .text.MQ135_getResistance
                0x0000000008001870       0x78 ./Core/Src/MQ135/MQ135.o
                0x0000000008001870                MQ135_getResistance
 .text.MQ135_getCorrectResistance
                0x00000000080018e8       0x5c ./Core/Src/MQ135/MQ135.o
                0x00000000080018e8                MQ135_getCorrectResistance
 *fill*         0x0000000008001944        0x4 
 .text.MQ135_getPPM
                0x0000000008001948       0xa0 ./Core/Src/MQ135/MQ135.o
                0x0000000008001948                MQ135_getPPM
 .text.MQ135_getCorrectPPM
                0x00000000080019e8       0xa8 ./Core/Src/MQ135/MQ135.o
                0x00000000080019e8                MQ135_getCorrectPPM
 .text.MQ135_getAcetone
                0x0000000008001a90       0x34 ./Core/Src/MQ135/MQ135.o
                0x0000000008001a90                MQ135_getAcetone
 .text.MQ135_getCorrectAcetone
                0x0000000008001ac4       0x44 ./Core/Src/MQ135/MQ135.o
                0x0000000008001ac4                MQ135_getCorrectAcetone
 .text.MQ135_getAlcohol
                0x0000000008001b08       0x34 ./Core/Src/MQ135/MQ135.o
                0x0000000008001b08                MQ135_getAlcohol
 .text.MQ135_getCorrectAlcohol
                0x0000000008001b3c       0x44 ./Core/Src/MQ135/MQ135.o
                0x0000000008001b3c                MQ135_getCorrectAlcohol
 .text.MQ135_getCO2
                0x0000000008001b80       0x50 ./Core/Src/MQ135/MQ135.o
                0x0000000008001b80                MQ135_getCO2
 .text.MQ135_getCorrectCO2
                0x0000000008001bd0       0x60 ./Core/Src/MQ135/MQ135.o
                0x0000000008001bd0                MQ135_getCorrectCO2
 .text.MQ135_getCO
                0x0000000008001c30       0x34 ./Core/Src/MQ135/MQ135.o
                0x0000000008001c30                MQ135_getCO
 .text.MQ135_getCorrectCO
                0x0000000008001c64       0x44 ./Core/Src/MQ135/MQ135.o
                0x0000000008001c64                MQ135_getCorrectCO
 .text.MQ135_getNH4
                0x0000000008001ca8       0x34 ./Core/Src/MQ135/MQ135.o
                0x0000000008001ca8                MQ135_getNH4
 .text.MQ135_getCorrectNH4
                0x0000000008001cdc       0x44 ./Core/Src/MQ135/MQ135.o
                0x0000000008001cdc                MQ135_getCorrectNH4
 .text.MQ135_getToluene
                0x0000000008001d20       0x34 ./Core/Src/MQ135/MQ135.o
                0x0000000008001d20                MQ135_getToluene
 .text.MQ135_getCorrectToluene
                0x0000000008001d54       0x44 ./Core/Src/MQ135/MQ135.o
                0x0000000008001d54                MQ135_getCorrectToluene
 .text.getAQI_val
                0x0000000008001d98       0xae ./Core/Src/MQ135/MQ135.o
                0x0000000008001d98                getAQI_val
 .text.getAQI_Correctval
                0x0000000008001e46      0x15a ./Core/Src/MQ135/MQ135.o
                0x0000000008001e46                getAQI_Correctval
 .text.ssd1306_Reset
                0x0000000008001fa0        0xe ./Core/Src/SSD1306/ssd1306.o
                0x0000000008001fa0                ssd1306_Reset
 .text.ssd1306_WriteCommand
                0x0000000008001fae       0x2e ./Core/Src/SSD1306/ssd1306.o
                0x0000000008001fae                ssd1306_WriteCommand
 .text.ssd1306_WriteData
                0x0000000008001fdc       0x30 ./Core/Src/SSD1306/ssd1306.o
                0x0000000008001fdc                ssd1306_WriteData
 .text.ssd1306_Init
                0x000000000800200c      0x114 ./Core/Src/SSD1306/ssd1306.o
                0x000000000800200c                ssd1306_Init
 .text.ssd1306_Fill
                0x0000000008002120       0x48 ./Core/Src/SSD1306/ssd1306.o
                0x0000000008002120                ssd1306_Fill
 .text.ssd1306_UpdateScreen
                0x0000000008002168       0x58 ./Core/Src/SSD1306/ssd1306.o
                0x0000000008002168                ssd1306_UpdateScreen
 .text.ssd1306_DrawPixel
                0x00000000080021c0       0xa8 ./Core/Src/SSD1306/ssd1306.o
                0x00000000080021c0                ssd1306_DrawPixel
 .text.ssd1306_DrawBitmap
                0x0000000008002268       0xb6 ./Core/Src/SSD1306/ssd1306.o
                0x0000000008002268                ssd1306_DrawBitmap
 .text.ssd1306_SetContrast
                0x000000000800231e       0x2c ./Core/Src/SSD1306/ssd1306.o
                0x000000000800231e                ssd1306_SetContrast
 *fill*         0x000000000800234a        0x2 
 .text.ssd1306_SetDisplayOn
                0x000000000800234c       0x40 ./Core/Src/SSD1306/ssd1306.o
                0x000000000800234c                ssd1306_SetDisplayOn
 .text.W25Q32_Init
                0x000000000800238c       0x38 ./Core/Src/W25Q32/W25Q32.o
                0x000000000800238c                W25Q32_Init
 .text.W25Q32_CS_LOW
                0x00000000080023c4       0x20 ./Core/Src/W25Q32/W25Q32.o
                0x00000000080023c4                W25Q32_CS_LOW
 .text.W25Q32_CS_HIGH
                0x00000000080023e4       0x20 ./Core/Src/W25Q32/W25Q32.o
                0x00000000080023e4                W25Q32_CS_HIGH
 .text.WriteEnable
                0x0000000008002404       0x46 ./Core/Src/W25Q32/W25Q32.o
                0x0000000008002404                WriteEnable
 .text.WriteDisable
                0x000000000800244a       0x46 ./Core/Src/W25Q32/W25Q32.o
                0x000000000800244a                WriteDisable
 .text.W25Q32_WaitEndCycle
                0x0000000008002490       0x70 ./Core/Src/W25Q32/W25Q32.o
                0x0000000008002490                W25Q32_WaitEndCycle
 .text.W25Q32_Send_Receive
                0x0000000008002500       0x44 ./Core/Src/W25Q32/W25Q32.o
                0x0000000008002500                W25Q32_Send_Receive
 .text.W25Q32_ReadData
                0x0000000008002544       0x84 ./Core/Src/W25Q32/W25Q32.o
                0x0000000008002544                W25Q32_ReadData
 .text.W25Q32_WriteData
                0x00000000080025c8       0xc0 ./Core/Src/W25Q32/W25Q32.o
                0x00000000080025c8                W25Q32_WriteData
 .text.W25Q32_erase4k
                0x0000000008002688       0x76 ./Core/Src/W25Q32/W25Q32.o
                0x0000000008002688                W25Q32_erase4k
 *fill*         0x00000000080026fe        0x2 
 .text.main     0x0000000008002700      0x358 ./Core/Src/main.o
                0x0000000008002700                main
 .text.SystemClock_Config
                0x0000000008002a58       0xbc ./Core/Src/main.o
                0x0000000008002a58                SystemClock_Config
 .text.MX_ADC1_Init
                0x0000000008002b14       0xa4 ./Core/Src/main.o
 .text.MX_I2C1_Init
                0x0000000008002bb8       0x5c ./Core/Src/main.o
 .text.MX_I2C2_Init
                0x0000000008002c14       0x5c ./Core/Src/main.o
 .text.MX_SPI1_Init
                0x0000000008002c70       0x6c ./Core/Src/main.o
 .text.MX_TIM2_Init
                0x0000000008002cdc       0x98 ./Core/Src/main.o
 .text.MX_TIM3_Init
                0x0000000008002d74       0x9c ./Core/Src/main.o
 .text.MX_USART1_UART_Init
                0x0000000008002e10       0x54 ./Core/Src/main.o
 .text.MX_GPIO_Init
                0x0000000008002e64      0x10c ./Core/Src/main.o
 .text.Update_Screen
                0x0000000008002f70       0x5c ./Core/Src/main.o
                0x0000000008002f70                Update_Screen
 .text.Display_First_Screen
                0x0000000008002fcc       0x38 ./Core/Src/main.o
                0x0000000008002fcc                Display_First_Screen
 .text.HAL_GPIO_EXTI_Callback
                0x0000000008003004       0x68 ./Core/Src/main.o
                0x0000000008003004                HAL_GPIO_EXTI_Callback
 .text.HAL_TIM_PeriodElapsedCallback
                0x000000000800306c       0x58 ./Core/Src/main.o
                0x000000000800306c                HAL_TIM_PeriodElapsedCallback
 .text.checkDay_i
                0x00000000080030c4       0x24 ./Core/Src/main.o
                0x00000000080030c4                checkDay_i
 .text.HAL_UART_RxCpltCallback
                0x00000000080030e8       0x84 ./Core/Src/main.o
                0x00000000080030e8                HAL_UART_RxCpltCallback
 .text.HAL_SPI_TxRxCpltCallback
                0x000000000800316c       0x30 ./Core/Src/main.o
                0x000000000800316c                HAL_SPI_TxRxCpltCallback
 .text.getADC_value
                0x000000000800319c       0x3c ./Core/Src/main.o
                0x000000000800319c                getADC_value
 .text.saveValue
                0x00000000080031d8       0xf0 ./Core/Src/main.o
                0x00000000080031d8                saveValue
 .text.readValue
                0x00000000080032c8       0xcc ./Core/Src/main.o
                0x00000000080032c8                readValue
 .text.HandleCommand
                0x0000000008003394      0x240 ./Core/Src/main.o
                0x0000000008003394                HandleCommand
 .text.Error_Handler
                0x00000000080035d4        0xa ./Core/Src/main.o
                0x00000000080035d4                Error_Handler
 *fill*         0x00000000080035de        0x2 
 .text.HAL_MspInit
                0x00000000080035e0       0x50 ./Core/Src/stm32f4xx_hal_msp.o
                0x00000000080035e0                HAL_MspInit
 .text.HAL_ADC_MspInit
                0x0000000008003630       0x88 ./Core/Src/stm32f4xx_hal_msp.o
                0x0000000008003630                HAL_ADC_MspInit
 .text.HAL_I2C_MspInit
                0x00000000080036b8      0x11c ./Core/Src/stm32f4xx_hal_msp.o
                0x00000000080036b8                HAL_I2C_MspInit
 .text.HAL_SPI_MspInit
                0x00000000080037d4       0xa0 ./Core/Src/stm32f4xx_hal_msp.o
                0x00000000080037d4                HAL_SPI_MspInit
 .text.HAL_TIM_Base_MspInit
                0x0000000008003874       0x78 ./Core/Src/stm32f4xx_hal_msp.o
                0x0000000008003874                HAL_TIM_Base_MspInit
 .text.HAL_UART_MspInit
                0x00000000080038ec       0xa0 ./Core/Src/stm32f4xx_hal_msp.o
                0x00000000080038ec                HAL_UART_MspInit
 .text.NMI_Handler
                0x000000000800398c        0x6 ./Core/Src/stm32f4xx_it.o
                0x000000000800398c                NMI_Handler
 .text.HardFault_Handler
                0x0000000008003992        0x6 ./Core/Src/stm32f4xx_it.o
                0x0000000008003992                HardFault_Handler
 .text.MemManage_Handler
                0x0000000008003998        0x6 ./Core/Src/stm32f4xx_it.o
                0x0000000008003998                MemManage_Handler
 .text.BusFault_Handler
                0x000000000800399e        0x6 ./Core/Src/stm32f4xx_it.o
                0x000000000800399e                BusFault_Handler
 .text.UsageFault_Handler
                0x00000000080039a4        0x6 ./Core/Src/stm32f4xx_it.o
                0x00000000080039a4                UsageFault_Handler
 .text.SVC_Handler
                0x00000000080039aa        0xe ./Core/Src/stm32f4xx_it.o
                0x00000000080039aa                SVC_Handler
 .text.DebugMon_Handler
                0x00000000080039b8        0xe ./Core/Src/stm32f4xx_it.o
                0x00000000080039b8                DebugMon_Handler
 .text.PendSV_Handler
                0x00000000080039c6        0xe ./Core/Src/stm32f4xx_it.o
                0x00000000080039c6                PendSV_Handler
 .text.SysTick_Handler
                0x00000000080039d4        0xc ./Core/Src/stm32f4xx_it.o
                0x00000000080039d4                SysTick_Handler
 .text.EXTI3_IRQHandler
                0x00000000080039e0        0xe ./Core/Src/stm32f4xx_it.o
                0x00000000080039e0                EXTI3_IRQHandler
 *fill*         0x00000000080039ee        0x2 
 .text.TIM2_IRQHandler
                0x00000000080039f0       0x14 ./Core/Src/stm32f4xx_it.o
                0x00000000080039f0                TIM2_IRQHandler
 .text.SPI1_IRQHandler
                0x0000000008003a04       0x14 ./Core/Src/stm32f4xx_it.o
                0x0000000008003a04                SPI1_IRQHandler
 .text.USART1_IRQHandler
                0x0000000008003a18       0x14 ./Core/Src/stm32f4xx_it.o
                0x0000000008003a18                USART1_IRQHandler
 .text._getpid  0x0000000008003a2c       0x10 ./Core/Src/syscalls.o
                0x0000000008003a2c                _getpid
 .text._kill    0x0000000008003a3c       0x20 ./Core/Src/syscalls.o
                0x0000000008003a3c                _kill
 .text._exit    0x0000000008003a5c       0x14 ./Core/Src/syscalls.o
                0x0000000008003a5c                _exit
 .text._read    0x0000000008003a70       0x3a ./Core/Src/syscalls.o
                0x0000000008003a70                _read
 .text._write   0x0000000008003aaa       0x38 ./Core/Src/syscalls.o
                0x0000000008003aaa                _write
 .text._close   0x0000000008003ae2       0x18 ./Core/Src/syscalls.o
                0x0000000008003ae2                _close
 .text._fstat   0x0000000008003afa       0x20 ./Core/Src/syscalls.o
                0x0000000008003afa                _fstat
 .text._isatty  0x0000000008003b1a       0x16 ./Core/Src/syscalls.o
                0x0000000008003b1a                _isatty
 .text._lseek   0x0000000008003b30       0x1a ./Core/Src/syscalls.o
                0x0000000008003b30                _lseek
 *fill*         0x0000000008003b4a        0x2 
 .text._sbrk    0x0000000008003b4c       0x6c ./Core/Src/sysmem.o
                0x0000000008003b4c                _sbrk
 .text.SystemInit
                0x0000000008003bb8       0x24 ./Core/Src/system_stm32f4xx.o
                0x0000000008003bb8                SystemInit
 .text.Reset_Handler
                0x0000000008003bdc       0x50 ./Core/Startup/startup_stm32f411ceux.o
                0x0000000008003bdc                Reset_Handler
 .text.Default_Handler
                0x0000000008003c2c        0x2 ./Core/Startup/startup_stm32f411ceux.o
                0x0000000008003c2c                RTC_Alarm_IRQHandler
                0x0000000008003c2c                EXTI2_IRQHandler
                0x0000000008003c2c                SPI4_IRQHandler
                0x0000000008003c2c                TIM1_CC_IRQHandler
                0x0000000008003c2c                DMA2_Stream5_IRQHandler
                0x0000000008003c2c                DMA1_Stream5_IRQHandler
                0x0000000008003c2c                PVD_IRQHandler
                0x0000000008003c2c                SDIO_IRQHandler
                0x0000000008003c2c                TAMP_STAMP_IRQHandler
                0x0000000008003c2c                TIM1_UP_TIM10_IRQHandler
                0x0000000008003c2c                I2C3_ER_IRQHandler
                0x0000000008003c2c                EXTI0_IRQHandler
                0x0000000008003c2c                I2C2_EV_IRQHandler
                0x0000000008003c2c                DMA1_Stream2_IRQHandler
                0x0000000008003c2c                FPU_IRQHandler
                0x0000000008003c2c                DMA2_Stream2_IRQHandler
                0x0000000008003c2c                TIM1_BRK_TIM9_IRQHandler
                0x0000000008003c2c                DMA2_Stream3_IRQHandler
                0x0000000008003c2c                USART6_IRQHandler
                0x0000000008003c2c                DMA2_Stream0_IRQHandler
                0x0000000008003c2c                TIM4_IRQHandler
                0x0000000008003c2c                I2C1_EV_IRQHandler
                0x0000000008003c2c                DMA1_Stream6_IRQHandler
                0x0000000008003c2c                DMA1_Stream1_IRQHandler
                0x0000000008003c2c                TIM3_IRQHandler
                0x0000000008003c2c                RCC_IRQHandler
                0x0000000008003c2c                Default_Handler
                0x0000000008003c2c                EXTI15_10_IRQHandler
                0x0000000008003c2c                ADC_IRQHandler
                0x0000000008003c2c                DMA1_Stream7_IRQHandler
                0x0000000008003c2c                SPI5_IRQHandler
                0x0000000008003c2c                TIM5_IRQHandler
                0x0000000008003c2c                DMA2_Stream7_IRQHandler
                0x0000000008003c2c                I2C3_EV_IRQHandler
                0x0000000008003c2c                EXTI9_5_IRQHandler
                0x0000000008003c2c                RTC_WKUP_IRQHandler
                0x0000000008003c2c                SPI2_IRQHandler
                0x0000000008003c2c                DMA1_Stream0_IRQHandler
                0x0000000008003c2c                EXTI4_IRQHandler
                0x0000000008003c2c                WWDG_IRQHandler
                0x0000000008003c2c                OTG_FS_WKUP_IRQHandler
                0x0000000008003c2c                TIM1_TRG_COM_TIM11_IRQHandler
                0x0000000008003c2c                EXTI1_IRQHandler
                0x0000000008003c2c                USART2_IRQHandler
                0x0000000008003c2c                I2C2_ER_IRQHandler
                0x0000000008003c2c                DMA2_Stream1_IRQHandler
                0x0000000008003c2c                FLASH_IRQHandler
                0x0000000008003c2c                DMA2_Stream4_IRQHandler
                0x0000000008003c2c                OTG_FS_IRQHandler
                0x0000000008003c2c                SPI3_IRQHandler
                0x0000000008003c2c                DMA1_Stream4_IRQHandler
                0x0000000008003c2c                I2C1_ER_IRQHandler
                0x0000000008003c2c                DMA2_Stream6_IRQHandler
                0x0000000008003c2c                DMA1_Stream3_IRQHandler
 *fill*         0x0000000008003c2e        0x2 
 .text.HAL_Init
                0x0000000008003c30       0x44 ./Drivers/STM32F4xx_HAL_Driver/Src/stm32f4xx_hal.o
                0x0000000008003c30                HAL_Init
 .text.HAL_InitTick
                0x0000000008003c74       0x60 ./Drivers/STM32F4xx_HAL_Driver/Src/stm32f4xx_hal.o
                0x0000000008003c74                HAL_InitTick
 .text.HAL_IncTick
                0x0000000008003cd4       0x28 ./Drivers/STM32F4xx_HAL_Driver/Src/stm32f4xx_hal.o
                0x0000000008003cd4                HAL_IncTick
 .text.HAL_GetTick
                0x0000000008003cfc       0x18 ./Drivers/STM32F4xx_HAL_Driver/Src/stm32f4xx_hal.o
                0x0000000008003cfc                HAL_GetTick
 .text.HAL_Delay
                0x0000000008003d14       0x48 ./Drivers/STM32F4xx_HAL_Driver/Src/stm32f4xx_hal.o
                0x0000000008003d14                HAL_Delay
 .text.HAL_ADC_Init
                0x0000000008003d5c       0x86 ./Drivers/STM32F4xx_HAL_Driver/Src/stm32f4xx_hal_adc.o
                0x0000000008003d5c                HAL_ADC_Init
 *fill*         0x0000000008003de2        0x2 
 .text.HAL_ADC_Start
                0x0000000008003de4      0x168 ./Drivers/STM32F4xx_HAL_Driver/Src/stm32f4xx_hal_adc.o
                0x0000000008003de4                HAL_ADC_Start
 .text.HAL_ADC_Stop
                0x0000000008003f4c       0x66 ./Drivers/STM32F4xx_HAL_Driver/Src/stm32f4xx_hal_adc.o
                0x0000000008003f4c                HAL_ADC_Stop
 .text.HAL_ADC_PollForConversion
                0x0000000008003fb2      0x116 ./Drivers/STM32F4xx_HAL_Driver/Src/stm32f4xx_hal_adc.o
                0x0000000008003fb2                HAL_ADC_PollForConversion
 .text.HAL_ADC_GetValue
                0x00000000080040c8       0x1a ./Drivers/STM32F4xx_HAL_Driver/Src/stm32f4xx_hal_adc.o
                0x00000000080040c8                HAL_ADC_GetValue
 *fill*         0x00000000080040e2        0x2 
 .text.HAL_ADC_ConfigChannel
                0x00000000080040e4      0x264 ./Drivers/STM32F4xx_HAL_Driver/Src/stm32f4xx_hal_adc.o
                0x00000000080040e4                HAL_ADC_ConfigChannel
 .text.ADC_Init
                0x0000000008004348      0x1f8 ./Drivers/STM32F4xx_HAL_Driver/Src/stm32f4xx_hal_adc.o
 .text.__NVIC_SetPriorityGrouping
                0x0000000008004540       0x48 ./Drivers/STM32F4xx_HAL_Driver/Src/stm32f4xx_hal_cortex.o
 .text.__NVIC_GetPriorityGrouping
                0x0000000008004588       0x1c ./Drivers/STM32F4xx_HAL_Driver/Src/stm32f4xx_hal_cortex.o
 .text.__NVIC_EnableIRQ
                0x00000000080045a4       0x3c ./Drivers/STM32F4xx_HAL_Driver/Src/stm32f4xx_hal_cortex.o
 .text.__NVIC_SetPriority
                0x00000000080045e0       0x54 ./Drivers/STM32F4xx_HAL_Driver/Src/stm32f4xx_hal_cortex.o
 .text.NVIC_EncodePriority
                0x0000000008004634       0x66 ./Drivers/STM32F4xx_HAL_Driver/Src/stm32f4xx_hal_cortex.o
 *fill*         0x000000000800469a        0x2 
 .text.SysTick_Config
                0x000000000800469c       0x44 ./Drivers/STM32F4xx_HAL_Driver/Src/stm32f4xx_hal_cortex.o
 .text.HAL_NVIC_SetPriorityGrouping
                0x00000000080046e0       0x16 ./Drivers/STM32F4xx_HAL_Driver/Src/stm32f4xx_hal_cortex.o
                0x00000000080046e0                HAL_NVIC_SetPriorityGrouping
 .text.HAL_NVIC_SetPriority
                0x00000000080046f6       0x38 ./Drivers/STM32F4xx_HAL_Driver/Src/stm32f4xx_hal_cortex.o
                0x00000000080046f6                HAL_NVIC_SetPriority
 .text.HAL_NVIC_EnableIRQ
                0x000000000800472e       0x1c ./Drivers/STM32F4xx_HAL_Driver/Src/stm32f4xx_hal_cortex.o
                0x000000000800472e                HAL_NVIC_EnableIRQ
 .text.HAL_SYSTICK_Config
                0x000000000800474a       0x18 ./Drivers/STM32F4xx_HAL_Driver/Src/stm32f4xx_hal_cortex.o
                0x000000000800474a                HAL_SYSTICK_Config
 .text.HAL_DMA_Abort
                0x0000000008004762       0xe0 ./Drivers/STM32F4xx_HAL_Driver/Src/stm32f4xx_hal_dma.o
                0x0000000008004762                HAL_DMA_Abort
 .text.HAL_DMA_Abort_IT
                0x0000000008004842       0x44 ./Drivers/STM32F4xx_HAL_Driver/Src/stm32f4xx_hal_dma.o
                0x0000000008004842                HAL_DMA_Abort_IT
 *fill*         0x0000000008004886        0x2 
 .text.HAL_GPIO_Init
                0x0000000008004888      0x308 ./Drivers/STM32F4xx_HAL_Driver/Src/stm32f4xx_hal_gpio.o
                0x0000000008004888                HAL_GPIO_Init
 .text.HAL_GPIO_ReadPin
                0x0000000008004b90       0x30 ./Drivers/STM32F4xx_HAL_Driver/Src/stm32f4xx_hal_gpio.o
                0x0000000008004b90                HAL_GPIO_ReadPin
 .text.HAL_GPIO_WritePin
                0x0000000008004bc0       0x32 ./Drivers/STM32F4xx_HAL_Driver/Src/stm32f4xx_hal_gpio.o
                0x0000000008004bc0                HAL_GPIO_WritePin
 .text.HAL_GPIO_TogglePin
                0x0000000008004bf2       0x34 ./Drivers/STM32F4xx_HAL_Driver/Src/stm32f4xx_hal_gpio.o
                0x0000000008004bf2                HAL_GPIO_TogglePin
 *fill*         0x0000000008004c26        0x2 
 .text.HAL_GPIO_EXTI_IRQHandler
                0x0000000008004c28       0x30 ./Drivers/STM32F4xx_HAL_Driver/Src/stm32f4xx_hal_gpio.o
                0x0000000008004c28                HAL_GPIO_EXTI_IRQHandler
 .text.HAL_I2C_Init
                0x0000000008004c58      0x288 ./Drivers/STM32F4xx_HAL_Driver/Src/stm32f4xx_hal_i2c.o
                0x0000000008004c58                HAL_I2C_Init
 .text.HAL_I2C_Master_Transmit
                0x0000000008004ee0      0x1fc ./Drivers/STM32F4xx_HAL_Driver/Src/stm32f4xx_hal_i2c.o
                0x0000000008004ee0                HAL_I2C_Master_Transmit
 .text.HAL_I2C_Master_Receive
                0x00000000080050dc      0x44c ./Drivers/STM32F4xx_HAL_Driver/Src/stm32f4xx_hal_i2c.o
                0x00000000080050dc                HAL_I2C_Master_Receive
 .text.HAL_I2C_Mem_Write
                0x0000000008005528      0x1f4 ./Drivers/STM32F4xx_HAL_Driver/Src/stm32f4xx_hal_i2c.o
                0x0000000008005528                HAL_I2C_Mem_Write
 .text.I2C_MasterRequestWrite
                0x000000000800571c      0x104 ./Drivers/STM32F4xx_HAL_Driver/Src/stm32f4xx_hal_i2c.o
 .text.I2C_MasterRequestRead
                0x0000000008005820      0x19c ./Drivers/STM32F4xx_HAL_Driver/Src/stm32f4xx_hal_i2c.o
 .text.I2C_RequestMemoryWrite
                0x00000000080059bc      0x12c ./Drivers/STM32F4xx_HAL_Driver/Src/stm32f4xx_hal_i2c.o
 .text.I2C_WaitOnFlagUntilTimeout
                0x0000000008005ae8       0xae ./Drivers/STM32F4xx_HAL_Driver/Src/stm32f4xx_hal_i2c.o
 .text.I2C_WaitOnMasterAddressFlagUntilTimeout
                0x0000000008005b96       0xfe ./Drivers/STM32F4xx_HAL_Driver/Src/stm32f4xx_hal_i2c.o
 .text.I2C_WaitOnTXEFlagUntilTimeout
                0x0000000008005c94       0x82 ./Drivers/STM32F4xx_HAL_Driver/Src/stm32f4xx_hal_i2c.o
 .text.I2C_WaitOnBTFFlagUntilTimeout
                0x0000000008005d16       0x82 ./Drivers/STM32F4xx_HAL_Driver/Src/stm32f4xx_hal_i2c.o
 .text.I2C_WaitOnRXNEFlagUntilTimeout
                0x0000000008005d98       0xac ./Drivers/STM32F4xx_HAL_Driver/Src/stm32f4xx_hal_i2c.o
 .text.I2C_IsAcknowledgeFailed
                0x0000000008005e44       0x5e ./Drivers/STM32F4xx_HAL_Driver/Src/stm32f4xx_hal_i2c.o
 *fill*         0x0000000008005ea2        0x2 
 .text.HAL_RCC_OscConfig
                0x0000000008005ea4      0x4f0 ./Drivers/STM32F4xx_HAL_Driver/Src/stm32f4xx_hal_rcc.o
                0x0000000008005ea4                HAL_RCC_OscConfig
 .text.HAL_RCC_ClockConfig
                0x0000000008006394      0x1cc ./Drivers/STM32F4xx_HAL_Driver/Src/stm32f4xx_hal_rcc.o
                0x0000000008006394                HAL_RCC_ClockConfig
 .text.HAL_RCC_GetSysClockFreq
                0x0000000008006560      0x18c ./Drivers/STM32F4xx_HAL_Driver/Src/stm32f4xx_hal_rcc.o
                0x0000000008006560                HAL_RCC_GetSysClockFreq
 .text.HAL_RCC_GetHCLKFreq
                0x00000000080066ec       0x18 ./Drivers/STM32F4xx_HAL_Driver/Src/stm32f4xx_hal_rcc.o
                0x00000000080066ec                HAL_RCC_GetHCLKFreq
 .text.HAL_RCC_GetPCLK1Freq
                0x0000000008006704       0x28 ./Drivers/STM32F4xx_HAL_Driver/Src/stm32f4xx_hal_rcc.o
                0x0000000008006704                HAL_RCC_GetPCLK1Freq
 .text.HAL_RCC_GetPCLK2Freq
                0x000000000800672c       0x28 ./Drivers/STM32F4xx_HAL_Driver/Src/stm32f4xx_hal_rcc.o
                0x000000000800672c                HAL_RCC_GetPCLK2Freq
 .text.HAL_SPI_Init
                0x0000000008006754      0x112 ./Drivers/STM32F4xx_HAL_Driver/Src/stm32f4xx_hal_spi.o
                0x0000000008006754                HAL_SPI_Init
 *fill*         0x0000000008006866        0x2 
 .text.HAL_SPI_TransmitReceive_IT
                0x0000000008006868      0x128 ./Drivers/STM32F4xx_HAL_Driver/Src/stm32f4xx_hal_spi.o
                0x0000000008006868                HAL_SPI_TransmitReceive_IT
 .text.HAL_SPI_IRQHandler
                0x0000000008006990      0x200 ./Drivers/STM32F4xx_HAL_Driver/Src/stm32f4xx_hal_spi.o
                0x0000000008006990                HAL_SPI_IRQHandler
 .text.HAL_SPI_RxCpltCallback
                0x0000000008006b90       0x14 ./Drivers/STM32F4xx_HAL_Driver/Src/stm32f4xx_hal_spi.o
                0x0000000008006b90                HAL_SPI_RxCpltCallback
 .text.HAL_SPI_ErrorCallback
                0x0000000008006ba4       0x14 ./Drivers/STM32F4xx_HAL_Driver/Src/stm32f4xx_hal_spi.o
                0x0000000008006ba4                HAL_SPI_ErrorCallback
 .text.SPI_DMAAbortOnError
                0x0000000008006bb8       0x28 ./Drivers/STM32F4xx_HAL_Driver/Src/stm32f4xx_hal_spi.o
 .text.SPI_2linesRxISR_8BIT
                0x0000000008006be0       0x64 ./Drivers/STM32F4xx_HAL_Driver/Src/stm32f4xx_hal_spi.o
 .text.SPI_2linesTxISR_8BIT
                0x0000000008006c44       0x60 ./Drivers/STM32F4xx_HAL_Driver/Src/stm32f4xx_hal_spi.o
 .text.SPI_2linesRxISR_16BIT
                0x0000000008006ca4       0x60 ./Drivers/STM32F4xx_HAL_Driver/Src/stm32f4xx_hal_spi.o
 .text.SPI_2linesTxISR_16BIT
                0x0000000008006d04       0x5e ./Drivers/STM32F4xx_HAL_Driver/Src/stm32f4xx_hal_spi.o
 *fill*         0x0000000008006d62        0x2 
 .text.SPI_WaitFlagStateUntilTimeout
                0x0000000008006d64      0x110 ./Drivers/STM32F4xx_HAL_Driver/Src/stm32f4xx_hal_spi.o
 .text.SPI_EndRxTxTransaction
                0x0000000008006e74       0x84 ./Drivers/STM32F4xx_HAL_Driver/Src/stm32f4xx_hal_spi.o
 .text.SPI_CloseRxTx_ISR
                0x0000000008006ef8       0xe8 ./Drivers/STM32F4xx_HAL_Driver/Src/stm32f4xx_hal_spi.o
 .text.HAL_TIM_Base_Init
                0x0000000008006fe0       0x9e ./Drivers/STM32F4xx_HAL_Driver/Src/stm32f4xx_hal_tim.o
                0x0000000008006fe0                HAL_TIM_Base_Init
 *fill*         0x000000000800707e        0x2 
 .text.HAL_TIM_Base_Start
                0x0000000008007080       0xb4 ./Drivers/STM32F4xx_HAL_Driver/Src/stm32f4xx_hal_tim.o
                0x0000000008007080                HAL_TIM_Base_Start
 .text.HAL_TIM_Base_Stop
                0x0000000008007134       0x4e ./Drivers/STM32F4xx_HAL_Driver/Src/stm32f4xx_hal_tim.o
                0x0000000008007134                HAL_TIM_Base_Stop
 *fill*         0x0000000008007182        0x2 
 .text.HAL_TIM_Base_Start_IT
                0x0000000008007184       0xc4 ./Drivers/STM32F4xx_HAL_Driver/Src/stm32f4xx_hal_tim.o
                0x0000000008007184                HAL_TIM_Base_Start_IT
 .text.HAL_TIM_IRQHandler
                0x0000000008007248      0x210 ./Drivers/STM32F4xx_HAL_Driver/Src/stm32f4xx_hal_tim.o
                0x0000000008007248                HAL_TIM_IRQHandler
 .text.HAL_TIM_ConfigClockSource
                0x0000000008007458      0x18e ./Drivers/STM32F4xx_HAL_Driver/Src/stm32f4xx_hal_tim.o
                0x0000000008007458                HAL_TIM_ConfigClockSource
 .text.HAL_TIM_OC_DelayElapsedCallback
                0x00000000080075e6       0x14 ./Drivers/STM32F4xx_HAL_Driver/Src/stm32f4xx_hal_tim.o
                0x00000000080075e6                HAL_TIM_OC_DelayElapsedCallback
 .text.HAL_TIM_IC_CaptureCallback
                0x00000000080075fa       0x14 ./Drivers/STM32F4xx_HAL_Driver/Src/stm32f4xx_hal_tim.o
                0x00000000080075fa                HAL_TIM_IC_CaptureCallback
 .text.HAL_TIM_PWM_PulseFinishedCallback
                0x000000000800760e       0x14 ./Drivers/STM32F4xx_HAL_Driver/Src/stm32f4xx_hal_tim.o
                0x000000000800760e                HAL_TIM_PWM_PulseFinishedCallback
 .text.HAL_TIM_TriggerCallback
                0x0000000008007622       0x14 ./Drivers/STM32F4xx_HAL_Driver/Src/stm32f4xx_hal_tim.o
                0x0000000008007622                HAL_TIM_TriggerCallback
 *fill*         0x0000000008007636        0x2 
 .text.TIM_Base_SetConfig
                0x0000000008007638      0x100 ./Drivers/STM32F4xx_HAL_Driver/Src/stm32f4xx_hal_tim.o
                0x0000000008007638                TIM_Base_SetConfig
 .text.TIM_TI1_ConfigInputStage
                0x0000000008007738       0x5e ./Drivers/STM32F4xx_HAL_Driver/Src/stm32f4xx_hal_tim.o
 .text.TIM_TI2_ConfigInputStage
                0x0000000008007796       0x60 ./Drivers/STM32F4xx_HAL_Driver/Src/stm32f4xx_hal_tim.o
 .text.TIM_ITRx_SetConfig
                0x00000000080077f6       0x36 ./Drivers/STM32F4xx_HAL_Driver/Src/stm32f4xx_hal_tim.o
 .text.TIM_ETR_SetConfig
                0x000000000800782c       0x40 ./Drivers/STM32F4xx_HAL_Driver/Src/stm32f4xx_hal_tim.o
                0x000000000800782c                TIM_ETR_SetConfig
 .text.HAL_TIMEx_MasterConfigSynchronization
                0x000000000800786c       0xdc ./Drivers/STM32F4xx_HAL_Driver/Src/stm32f4xx_hal_tim_ex.o
                0x000000000800786c                HAL_TIMEx_MasterConfigSynchronization
 .text.HAL_TIMEx_CommutCallback
                0x0000000008007948       0x14 ./Drivers/STM32F4xx_HAL_Driver/Src/stm32f4xx_hal_tim_ex.o
                0x0000000008007948                HAL_TIMEx_CommutCallback
 .text.HAL_TIMEx_BreakCallback
                0x000000000800795c       0x14 ./Drivers/STM32F4xx_HAL_Driver/Src/stm32f4xx_hal_tim_ex.o
                0x000000000800795c                HAL_TIMEx_BreakCallback
 .text.HAL_UART_Init
                0x0000000008007970       0x9a ./Drivers/STM32F4xx_HAL_Driver/Src/stm32f4xx_hal_uart.o
                0x0000000008007970                HAL_UART_Init
 .text.HAL_UART_Transmit
                0x0000000008007a0a      0x124 ./Drivers/STM32F4xx_HAL_Driver/Src/stm32f4xx_hal_uart.o
                0x0000000008007a0a                HAL_UART_Transmit
 .text.HAL_UART_Receive_IT
                0x0000000008007b2e       0x60 ./Drivers/STM32F4xx_HAL_Driver/Src/stm32f4xx_hal_uart.o
                0x0000000008007b2e                HAL_UART_Receive_IT
 *fill*         0x0000000008007b8e        0x2 
 .text.HAL_UART_IRQHandler
                0x0000000008007b90      0x51c ./Drivers/STM32F4xx_HAL_Driver/Src/stm32f4xx_hal_uart.o
                0x0000000008007b90                HAL_UART_IRQHandler
 .text.HAL_UART_TxCpltCallback
                0x00000000080080ac       0x14 ./Drivers/STM32F4xx_HAL_Driver/Src/stm32f4xx_hal_uart.o
                0x00000000080080ac                HAL_UART_TxCpltCallback
 .text.HAL_UART_ErrorCallback
                0x00000000080080c0       0x14 ./Drivers/STM32F4xx_HAL_Driver/Src/stm32f4xx_hal_uart.o
                0x00000000080080c0                HAL_UART_ErrorCallback
 .text.HAL_UARTEx_RxEventCallback
                0x00000000080080d4       0x18 ./Drivers/STM32F4xx_HAL_Driver/Src/stm32f4xx_hal_uart.o
                0x00000000080080d4                HAL_UARTEx_RxEventCallback
 .text.UART_WaitOnFlagUntilTimeout
                0x00000000080080ec       0xdc ./Drivers/STM32F4xx_HAL_Driver/Src/stm32f4xx_hal_uart.o
 .text.UART_Start_Receive_IT
                0x00000000080081c8       0x7c ./Drivers/STM32F4xx_HAL_Driver/Src/stm32f4xx_hal_uart.o
                0x00000000080081c8                UART_Start_Receive_IT
 .text.UART_EndRxTransfer
                0x0000000008008244       0xc6 ./Drivers/STM32F4xx_HAL_Driver/Src/stm32f4xx_hal_uart.o
 .text.UART_DMAAbortOnError
                0x000000000800830a       0x28 ./Drivers/STM32F4xx_HAL_Driver/Src/stm32f4xx_hal_uart.o
 .text.UART_Transmit_IT
                0x0000000008008332       0xa0 ./Drivers/STM32F4xx_HAL_Driver/Src/stm32f4xx_hal_uart.o
 .text.UART_EndTransmit_IT
                0x00000000080083d2       0x30 ./Drivers/STM32F4xx_HAL_Driver/Src/stm32f4xx_hal_uart.o
 .text.UART_Receive_IT
                0x0000000008008402      0x176 ./Drivers/STM32F4xx_HAL_Driver/Src/stm32f4xx_hal_uart.o
 .text.UART_SetConfig
                0x0000000008008578      0x4e8 ./Drivers/STM32F4xx_HAL_Driver/Src/stm32f4xx_hal_uart.o
 .text.__errno  0x0000000008008a60        0xc d:/stm32 cubeide/stm32cubeide_1.12.0/stm32cubeide/plugins/com.st.stm32cube.ide.mcu.externaltools.gnu-tools-for-stm32.10.3-2021.10.win32_1.0.200.202301161003/tools/bin/../lib/gcc/arm-none-eabi/10.3.1/../../../../arm-none-eabi/lib/thumb/v7e-m+fp/hard\libc_nano.a(lib_a-errno.o)
                0x0000000008008a60                __errno
 .text.__libc_init_array
                0x0000000008008a6c       0x48 d:/stm32 cubeide/stm32cubeide_1.12.0/stm32cubeide/plugins/com.st.stm32cube.ide.mcu.externaltools.gnu-tools-for-stm32.10.3-2021.10.win32_1.0.200.202301161003/tools/bin/../lib/gcc/arm-none-eabi/10.3.1/../../../../arm-none-eabi/lib/thumb/v7e-m+fp/hard\libc_nano.a(lib_a-init.o)
                0x0000000008008a6c                __libc_init_array
 .text.malloc   0x0000000008008ab4       0x10 d:/stm32 cubeide/stm32cubeide_1.12.0/stm32cubeide/plugins/com.st.stm32cube.ide.mcu.externaltools.gnu-tools-for-stm32.10.3-2021.10.win32_1.0.200.202301161003/tools/bin/../lib/gcc/arm-none-eabi/10.3.1/../../../../arm-none-eabi/lib/thumb/v7e-m+fp/hard\libc_nano.a(lib_a-malloc.o)
                0x0000000008008ab4                malloc
 .text.free     0x0000000008008ac4       0x10 d:/stm32 cubeide/stm32cubeide_1.12.0/stm32cubeide/plugins/com.st.stm32cube.ide.mcu.externaltools.gnu-tools-for-stm32.10.3-2021.10.win32_1.0.200.202301161003/tools/bin/../lib/gcc/arm-none-eabi/10.3.1/../../../../arm-none-eabi/lib/thumb/v7e-m+fp/hard\libc_nano.a(lib_a-malloc.o)
                0x0000000008008ac4                free
 .text.memcpy   0x0000000008008ad4       0x1c d:/stm32 cubeide/stm32cubeide_1.12.0/stm32cubeide/plugins/com.st.stm32cube.ide.mcu.externaltools.gnu-tools-for-stm32.10.3-2021.10.win32_1.0.200.202301161003/tools/bin/../lib/gcc/arm-none-eabi/10.3.1/../../../../arm-none-eabi/lib/thumb/v7e-m+fp/hard\libc_nano.a(lib_a-memcpy-stub.o)
                0x0000000008008ad4                memcpy
 .text.memmove  0x0000000008008af0       0x34 d:/stm32 cubeide/stm32cubeide_1.12.0/stm32cubeide/plugins/com.st.stm32cube.ide.mcu.externaltools.gnu-tools-for-stm32.10.3-2021.10.win32_1.0.200.202301161003/tools/bin/../lib/gcc/arm-none-eabi/10.3.1/../../../../arm-none-eabi/lib/thumb/v7e-m+fp/hard\libc_nano.a(lib_a-memmove.o)
                0x0000000008008af0                memmove
 .text.memset   0x0000000008008b24       0x10 d:/stm32 cubeide/stm32cubeide_1.12.0/stm32cubeide/plugins/com.st.stm32cube.ide.mcu.externaltools.gnu-tools-for-stm32.10.3-2021.10.win32_1.0.200.202301161003/tools/bin/../lib/gcc/arm-none-eabi/10.3.1/../../../../arm-none-eabi/lib/thumb/v7e-m+fp/hard\libc_nano.a(lib_a-memset.o)
                0x0000000008008b24                memset
 .text._free_r  0x0000000008008b34       0x98 d:/stm32 cubeide/stm32cubeide_1.12.0/stm32cubeide/plugins/com.st.stm32cube.ide.mcu.externaltools.gnu-tools-for-stm32.10.3-2021.10.win32_1.0.200.202301161003/tools/bin/../lib/gcc/arm-none-eabi/10.3.1/../../../../arm-none-eabi/lib/thumb/v7e-m+fp/hard\libc_nano.a(lib_a-nano-freer.o)
                0x0000000008008b34                _free_r
 .text.sbrk_aligned
                0x0000000008008bcc       0x40 d:/stm32 cubeide/stm32cubeide_1.12.0/stm32cubeide/plugins/com.st.stm32cube.ide.mcu.externaltools.gnu-tools-for-stm32.10.3-2021.10.win32_1.0.200.202301161003/tools/bin/../lib/gcc/arm-none-eabi/10.3.1/../../../../arm-none-eabi/lib/thumb/v7e-m+fp/hard\libc_nano.a(lib_a-nano-mallocr.o)
 .text._malloc_r
                0x0000000008008c0c       0xe8 d:/stm32 cubeide/stm32cubeide_1.12.0/stm32cubeide/plugins/com.st.stm32cube.ide.mcu.externaltools.gnu-tools-for-stm32.10.3-2021.10.win32_1.0.200.202301161003/tools/bin/../lib/gcc/arm-none-eabi/10.3.1/../../../../arm-none-eabi/lib/thumb/v7e-m+fp/hard\libc_nano.a(lib_a-nano-mallocr.o)
                0x0000000008008c0c                _malloc_r
 .text.__cvt    0x0000000008008cf4       0xc4 d:/stm32 cubeide/stm32cubeide_1.12.0/stm32cubeide/plugins/com.st.stm32cube.ide.mcu.externaltools.gnu-tools-for-stm32.10.3-2021.10.win32_1.0.200.202301161003/tools/bin/../lib/gcc/arm-none-eabi/10.3.1/../../../../arm-none-eabi/lib/thumb/v7e-m+fp/hard\libc_nano.a(lib_a-nano-vfprintf_float.o)
                0x0000000008008cf4                __cvt
 .text.__exponent
                0x0000000008008db8       0x7c d:/stm32 cubeide/stm32cubeide_1.12.0/stm32cubeide/plugins/com.st.stm32cube.ide.mcu.externaltools.gnu-tools-for-stm32.10.3-2021.10.win32_1.0.200.202301161003/tools/bin/../lib/gcc/arm-none-eabi/10.3.1/../../../../arm-none-eabi/lib/thumb/v7e-m+fp/hard\libc_nano.a(lib_a-nano-vfprintf_float.o)
                0x0000000008008db8                __exponent
 .text._printf_float
                0x0000000008008e34      0x46c d:/stm32 cubeide/stm32cubeide_1.12.0/stm32cubeide/plugins/com.st.stm32cube.ide.mcu.externaltools.gnu-tools-for-stm32.10.3-2021.10.win32_1.0.200.202301161003/tools/bin/../lib/gcc/arm-none-eabi/10.3.1/../../../../arm-none-eabi/lib/thumb/v7e-m+fp/hard\libc_nano.a(lib_a-nano-vfprintf_float.o)
                0x0000000008008e34                _printf_float
 .text._printf_common
                0x00000000080092a0       0xda d:/stm32 cubeide/stm32cubeide_1.12.0/stm32cubeide/plugins/com.st.stm32cube.ide.mcu.externaltools.gnu-tools-for-stm32.10.3-2021.10.win32_1.0.200.202301161003/tools/bin/../lib/gcc/arm-none-eabi/10.3.1/../../../../arm-none-eabi/lib/thumb/v7e-m+fp/hard\libc_nano.a(lib_a-nano-vfprintf_i.o)
                0x00000000080092a0                _printf_common
 *fill*         0x000000000800937a        0x2 
 .text._printf_i
                0x000000000800937c      0x24c d:/stm32 cubeide/stm32cubeide_1.12.0/stm32cubeide/plugins/com.st.stm32cube.ide.mcu.externaltools.gnu-tools-for-stm32.10.3-2021.10.win32_1.0.200.202301161003/tools/bin/../lib/gcc/arm-none-eabi/10.3.1/../../../../arm-none-eabi/lib/thumb/v7e-m+fp/hard\libc_nano.a(lib_a-nano-vfprintf_i.o)
                0x000000000800937c                _printf_i
 .text._scanf_float
                0x00000000080095c8      0x420 d:/stm32 cubeide/stm32cubeide_1.12.0/stm32cubeide/plugins/com.st.stm32cube.ide.mcu.externaltools.gnu-tools-for-stm32.10.3-2021.10.win32_1.0.200.202301161003/tools/bin/../lib/gcc/arm-none-eabi/10.3.1/../../../../arm-none-eabi/lib/thumb/v7e-m+fp/hard\libc_nano.a(lib_a-nano-vfscanf_float.o)
                0x00000000080095c8                _scanf_float
 .text._sbrk_r  0x00000000080099e8       0x20 d:/stm32 cubeide/stm32cubeide_1.12.0/stm32cubeide/plugins/com.st.stm32cube.ide.mcu.externaltools.gnu-tools-for-stm32.10.3-2021.10.win32_1.0.200.202301161003/tools/bin/../lib/gcc/arm-none-eabi/10.3.1/../../../../arm-none-eabi/lib/thumb/v7e-m+fp/hard\libc_nano.a(lib_a-sbrkr.o)
                0x00000000080099e8                _sbrk_r
 .text.nanf     0x0000000008009a08        0xc d:/stm32 cubeide/stm32cubeide_1.12.0/stm32cubeide/plugins/com.st.stm32cube.ide.mcu.externaltools.gnu-tools-for-stm32.10.3-2021.10.win32_1.0.200.202301161003/tools/bin/../lib/gcc/arm-none-eabi/10.3.1/../../../../arm-none-eabi/lib/thumb/v7e-m+fp/hard\libc_nano.a(lib_a-sf_nan.o)
                0x0000000008009a08                nanf
 .text.sprintf  0x0000000008009a14       0x40 d:/stm32 cubeide/stm32cubeide_1.12.0/stm32cubeide/plugins/com.st.stm32cube.ide.mcu.externaltools.gnu-tools-for-stm32.10.3-2021.10.win32_1.0.200.202301161003/tools/bin/../lib/gcc/arm-none-eabi/10.3.1/../../../../arm-none-eabi/lib/thumb/v7e-m+fp/hard\libc_nano.a(lib_a-sprintf.o)
                0x0000000008009a14                siprintf
                0x0000000008009a14                sprintf
 .text.sscanf   0x0000000008009a54       0x58 d:/stm32 cubeide/stm32cubeide_1.12.0/stm32cubeide/plugins/com.st.stm32cube.ide.mcu.externaltools.gnu-tools-for-stm32.10.3-2021.10.win32_1.0.200.202301161003/tools/bin/../lib/gcc/arm-none-eabi/10.3.1/../../../../arm-none-eabi/lib/thumb/v7e-m+fp/hard\libc_nano.a(lib_a-sscanf.o)
                0x0000000008009a54                siscanf
                0x0000000008009a54                sscanf
 .text.__sread  0x0000000008009aac       0x22 d:/stm32 cubeide/stm32cubeide_1.12.0/stm32cubeide/plugins/com.st.stm32cube.ide.mcu.externaltools.gnu-tools-for-stm32.10.3-2021.10.win32_1.0.200.202301161003/tools/bin/../lib/gcc/arm-none-eabi/10.3.1/../../../../arm-none-eabi/lib/thumb/v7e-m+fp/hard\libc_nano.a(lib_a-stdio.o)
                0x0000000008009aac                __sread
 .text.__seofread
                0x0000000008009ace        0x4 d:/stm32 cubeide/stm32cubeide_1.12.0/stm32cubeide/plugins/com.st.stm32cube.ide.mcu.externaltools.gnu-tools-for-stm32.10.3-2021.10.win32_1.0.200.202301161003/tools/bin/../lib/gcc/arm-none-eabi/10.3.1/../../../../arm-none-eabi/lib/thumb/v7e-m+fp/hard\libc_nano.a(lib_a-stdio.o)
                0x0000000008009ace                __seofread
 .text.__swrite
                0x0000000008009ad2       0x38 d:/stm32 cubeide/stm32cubeide_1.12.0/stm32cubeide/plugins/com.st.stm32cube.ide.mcu.externaltools.gnu-tools-for-stm32.10.3-2021.10.win32_1.0.200.202301161003/tools/bin/../lib/gcc/arm-none-eabi/10.3.1/../../../../arm-none-eabi/lib/thumb/v7e-m+fp/hard\libc_nano.a(lib_a-stdio.o)
                0x0000000008009ad2                __swrite
 .text.__sseek  0x0000000008009b0a       0x24 d:/stm32 cubeide/stm32cubeide_1.12.0/stm32cubeide/plugins/com.st.stm32cube.ide.mcu.externaltools.gnu-tools-for-stm32.10.3-2021.10.win32_1.0.200.202301161003/tools/bin/../lib/gcc/arm-none-eabi/10.3.1/../../../../arm-none-eabi/lib/thumb/v7e-m+fp/hard\libc_nano.a(lib_a-stdio.o)
                0x0000000008009b0a                __sseek
 .text.__sclose
                0x0000000008009b2e        0x8 d:/stm32 cubeide/stm32cubeide_1.12.0/stm32cubeide/plugins/com.st.stm32cube.ide.mcu.externaltools.gnu-tools-for-stm32.10.3-2021.10.win32_1.0.200.202301161003/tools/bin/../lib/gcc/arm-none-eabi/10.3.1/../../../../arm-none-eabi/lib/thumb/v7e-m+fp/hard\libc_nano.a(lib_a-stdio.o)
                0x0000000008009b2e                __sclose
 .text.strncmp  0x0000000008009b36       0x28 d:/stm32 cubeide/stm32cubeide_1.12.0/stm32cubeide/plugins/com.st.stm32cube.ide.mcu.externaltools.gnu-tools-for-stm32.10.3-2021.10.win32_1.0.200.202301161003/tools/bin/../lib/gcc/arm-none-eabi/10.3.1/../../../../arm-none-eabi/lib/thumb/v7e-m+fp/hard\libc_nano.a(lib_a-strncmp.o)
                0x0000000008009b36                strncmp
 .text.sulp     0x0000000008009b5e       0x38 d:/stm32 cubeide/stm32cubeide_1.12.0/stm32cubeide/plugins/com.st.stm32cube.ide.mcu.externaltools.gnu-tools-for-stm32.10.3-2021.10.win32_1.0.200.202301161003/tools/bin/../lib/gcc/arm-none-eabi/10.3.1/../../../../arm-none-eabi/lib/thumb/v7e-m+fp/hard\libc_nano.a(lib_a-strtod.o)
 *fill*         0x0000000008009b96        0x2 
 .text._strtod_l
                0x0000000008009b98      0xc0c d:/stm32 cubeide/stm32cubeide_1.12.0/stm32cubeide/plugins/com.st.stm32cube.ide.mcu.externaltools.gnu-tools-for-stm32.10.3-2021.10.win32_1.0.200.202301161003/tools/bin/../lib/gcc/arm-none-eabi/10.3.1/../../../../arm-none-eabi/lib/thumb/v7e-m+fp/hard\libc_nano.a(lib_a-strtod.o)
                0x0000000008009b98                _strtod_l
 .text._strtod_r
                0x000000000800a7a4        0xc d:/stm32 cubeide/stm32cubeide_1.12.0/stm32cubeide/plugins/com.st.stm32cube.ide.mcu.externaltools.gnu-tools-for-stm32.10.3-2021.10.win32_1.0.200.202301161003/tools/bin/../lib/gcc/arm-none-eabi/10.3.1/../../../../arm-none-eabi/lib/thumb/v7e-m+fp/hard\libc_nano.a(lib_a-strtod.o)
                0x000000000800a7a4                _strtod_r
 .text._strtol_l.constprop.0
                0x000000000800a7b0      0x104 d:/stm32 cubeide/stm32cubeide_1.12.0/stm32cubeide/plugins/com.st.stm32cube.ide.mcu.externaltools.gnu-tools-for-stm32.10.3-2021.10.win32_1.0.200.202301161003/tools/bin/../lib/gcc/arm-none-eabi/10.3.1/../../../../arm-none-eabi/lib/thumb/v7e-m+fp/hard\libc_nano.a(lib_a-strtol.o)
 .text._strtol_r
                0x000000000800a8b4        0x4 d:/stm32 cubeide/stm32cubeide_1.12.0/stm32cubeide/plugins/com.st.stm32cube.ide.mcu.externaltools.gnu-tools-for-stm32.10.3-2021.10.win32_1.0.200.202301161003/tools/bin/../lib/gcc/arm-none-eabi/10.3.1/../../../../arm-none-eabi/lib/thumb/v7e-m+fp/hard\libc_nano.a(lib_a-strtol.o)
                0x000000000800a8b4                _strtol_r
 .text._write_r
                0x000000000800a8b8       0x24 d:/stm32 cubeide/stm32cubeide_1.12.0/stm32cubeide/plugins/com.st.stm32cube.ide.mcu.externaltools.gnu-tools-for-stm32.10.3-2021.10.win32_1.0.200.202301161003/tools/bin/../lib/gcc/arm-none-eabi/10.3.1/../../../../arm-none-eabi/lib/thumb/v7e-m+fp/hard\libc_nano.a(lib_a-writer.o)
                0x000000000800a8b8                _write_r
 .text._close_r
                0x000000000800a8dc       0x20 d:/stm32 cubeide/stm32cubeide_1.12.0/stm32cubeide/plugins/com.st.stm32cube.ide.mcu.externaltools.gnu-tools-for-stm32.10.3-2021.10.win32_1.0.200.202301161003/tools/bin/../lib/gcc/arm-none-eabi/10.3.1/../../../../arm-none-eabi/lib/thumb/v7e-m+fp/hard\libc_nano.a(lib_a-closer.o)
                0x000000000800a8dc                _close_r
 .text.quorem   0x000000000800a8fc      0x116 d:/stm32 cubeide/stm32cubeide_1.12.0/stm32cubeide/plugins/com.st.stm32cube.ide.mcu.externaltools.gnu-tools-for-stm32.10.3-2021.10.win32_1.0.200.202301161003/tools/bin/../lib/gcc/arm-none-eabi/10.3.1/../../../../arm-none-eabi/lib/thumb/v7e-m+fp/hard\libc_nano.a(lib_a-dtoa.o)
 *fill*         0x000000000800aa12        0x6 
 .text._dtoa_r  0x000000000800aa18      0xbdc d:/stm32 cubeide/stm32cubeide_1.12.0/stm32cubeide/plugins/com.st.stm32cube.ide.mcu.externaltools.gnu-tools-for-stm32.10.3-2021.10.win32_1.0.200.202301161003/tools/bin/../lib/gcc/arm-none-eabi/10.3.1/../../../../arm-none-eabi/lib/thumb/v7e-m+fp/hard\libc_nano.a(lib_a-dtoa.o)
                0x000000000800aa18                _dtoa_r
 .text.rshift   0x000000000800b5f4       0xa4 d:/stm32 cubeide/stm32cubeide_1.12.0/stm32cubeide/plugins/com.st.stm32cube.ide.mcu.externaltools.gnu-tools-for-stm32.10.3-2021.10.win32_1.0.200.202301161003/tools/bin/../lib/gcc/arm-none-eabi/10.3.1/../../../../arm-none-eabi/lib/thumb/v7e-m+fp/hard\libc_nano.a(lib_a-gdtoa-gethex.o)
 .text.__hexdig_fun
                0x000000000800b698       0x2a d:/stm32 cubeide/stm32cubeide_1.12.0/stm32cubeide/plugins/com.st.stm32cube.ide.mcu.externaltools.gnu-tools-for-stm32.10.3-2021.10.win32_1.0.200.202301161003/tools/bin/../lib/gcc/arm-none-eabi/10.3.1/../../../../arm-none-eabi/lib/thumb/v7e-m+fp/hard\libc_nano.a(lib_a-gdtoa-gethex.o)
                0x000000000800b698                __hexdig_fun
 *fill*         0x000000000800b6c2        0x2 
 .text.__gethex
                0x000000000800b6c4      0x48c d:/stm32 cubeide/stm32cubeide_1.12.0/stm32cubeide/plugins/com.st.stm32cube.ide.mcu.externaltools.gnu-tools-for-stm32.10.3-2021.10.win32_1.0.200.202301161003/tools/bin/../lib/gcc/arm-none-eabi/10.3.1/../../../../arm-none-eabi/lib/thumb/v7e-m+fp/hard\libc_nano.a(lib_a-gdtoa-gethex.o)
                0x000000000800b6c4                __gethex
 .text.L_shift  0x000000000800bb50       0x24 d:/stm32 cubeide/stm32cubeide_1.12.0/stm32cubeide/plugins/com.st.stm32cube.ide.mcu.externaltools.gnu-tools-for-stm32.10.3-2021.10.win32_1.0.200.202301161003/tools/bin/../lib/gcc/arm-none-eabi/10.3.1/../../../../arm-none-eabi/lib/thumb/v7e-m+fp/hard\libc_nano.a(lib_a-gdtoa-hexnan.o)
 .text.__match  0x000000000800bb74       0x28 d:/stm32 cubeide/stm32cubeide_1.12.0/stm32cubeide/plugins/com.st.stm32cube.ide.mcu.externaltools.gnu-tools-for-stm32.10.3-2021.10.win32_1.0.200.202301161003/tools/bin/../lib/gcc/arm-none-eabi/10.3.1/../../../../arm-none-eabi/lib/thumb/v7e-m+fp/hard\libc_nano.a(lib_a-gdtoa-hexnan.o)
                0x000000000800bb74                __match
 .text.__hexnan
                0x000000000800bb9c      0x138 d:/stm32 cubeide/stm32cubeide_1.12.0/stm32cubeide/plugins/com.st.stm32cube.ide.mcu.externaltools.gnu-tools-for-stm32.10.3-2021.10.win32_1.0.200.202301161003/tools/bin/../lib/gcc/arm-none-eabi/10.3.1/../../../../arm-none-eabi/lib/thumb/v7e-m+fp/hard\libc_nano.a(lib_a-gdtoa-hexnan.o)
                0x000000000800bb9c                __hexnan
 .text._localeconv_r
                0x000000000800bcd4        0x8 d:/stm32 cubeide/stm32cubeide_1.12.0/stm32cubeide/plugins/com.st.stm32cube.ide.mcu.externaltools.gnu-tools-for-stm32.10.3-2021.10.win32_1.0.200.202301161003/tools/bin/../lib/gcc/arm-none-eabi/10.3.1/../../../../arm-none-eabi/lib/thumb/v7e-m+fp/hard\libc_nano.a(lib_a-localeconv.o)
                0x000000000800bcd4                _localeconv_r
 .text._lseek_r
                0x000000000800bcdc       0x24 d:/stm32 cubeide/stm32cubeide_1.12.0/stm32cubeide/plugins/com.st.stm32cube.ide.mcu.externaltools.gnu-tools-for-stm32.10.3-2021.10.win32_1.0.200.202301161003/tools/bin/../lib/gcc/arm-none-eabi/10.3.1/../../../../arm-none-eabi/lib/thumb/v7e-m+fp/hard\libc_nano.a(lib_a-lseekr.o)
                0x000000000800bcdc                _lseek_r
 .text.__ascii_mbtowc
                0x000000000800bd00       0x24 d:/stm32 cubeide/stm32cubeide_1.12.0/stm32cubeide/plugins/com.st.stm32cube.ide.mcu.externaltools.gnu-tools-for-stm32.10.3-2021.10.win32_1.0.200.202301161003/tools/bin/../lib/gcc/arm-none-eabi/10.3.1/../../../../arm-none-eabi/lib/thumb/v7e-m+fp/hard\libc_nano.a(lib_a-mbtowc_r.o)
                0x000000000800bd00                __ascii_mbtowc
 .text.__malloc_lock
                0x000000000800bd24        0xc d:/stm32 cubeide/stm32cubeide_1.12.0/stm32cubeide/plugins/com.st.stm32cube.ide.mcu.externaltools.gnu-tools-for-stm32.10.3-2021.10.win32_1.0.200.202301161003/tools/bin/../lib/gcc/arm-none-eabi/10.3.1/../../../../arm-none-eabi/lib/thumb/v7e-m+fp/hard\libc_nano.a(lib_a-mlock.o)
                0x000000000800bd24                __malloc_lock
 .text.__malloc_unlock
                0x000000000800bd30        0xc d:/stm32 cubeide/stm32cubeide_1.12.0/stm32cubeide/plugins/com.st.stm32cube.ide.mcu.externaltools.gnu-tools-for-stm32.10.3-2021.10.win32_1.0.200.202301161003/tools/bin/../lib/gcc/arm-none-eabi/10.3.1/../../../../arm-none-eabi/lib/thumb/v7e-m+fp/hard\libc_nano.a(lib_a-mlock.o)
                0x000000000800bd30                __malloc_unlock
 .text._Balloc  0x000000000800bd3c       0x80 d:/stm32 cubeide/stm32cubeide_1.12.0/stm32cubeide/plugins/com.st.stm32cube.ide.mcu.externaltools.gnu-tools-for-stm32.10.3-2021.10.win32_1.0.200.202301161003/tools/bin/../lib/gcc/arm-none-eabi/10.3.1/../../../../arm-none-eabi/lib/thumb/v7e-m+fp/hard\libc_nano.a(lib_a-mprec.o)
                0x000000000800bd3c                _Balloc
 .text._Bfree   0x000000000800bdbc       0x44 d:/stm32 cubeide/stm32cubeide_1.12.0/stm32cubeide/plugins/com.st.stm32cube.ide.mcu.externaltools.gnu-tools-for-stm32.10.3-2021.10.win32_1.0.200.202301161003/tools/bin/../lib/gcc/arm-none-eabi/10.3.1/../../../../arm-none-eabi/lib/thumb/v7e-m+fp/hard\libc_nano.a(lib_a-mprec.o)
                0x000000000800bdbc                _Bfree
 .text.__multadd
                0x000000000800be00       0x8c d:/stm32 cubeide/stm32cubeide_1.12.0/stm32cubeide/plugins/com.st.stm32cube.ide.mcu.externaltools.gnu-tools-for-stm32.10.3-2021.10.win32_1.0.200.202301161003/tools/bin/../lib/gcc/arm-none-eabi/10.3.1/../../../../arm-none-eabi/lib/thumb/v7e-m+fp/hard\libc_nano.a(lib_a-mprec.o)
                0x000000000800be00                __multadd
 .text.__s2b    0x000000000800be8c       0x94 d:/stm32 cubeide/stm32cubeide_1.12.0/stm32cubeide/plugins/com.st.stm32cube.ide.mcu.externaltools.gnu-tools-for-stm32.10.3-2021.10.win32_1.0.200.202301161003/tools/bin/../lib/gcc/arm-none-eabi/10.3.1/../../../../arm-none-eabi/lib/thumb/v7e-m+fp/hard\libc_nano.a(lib_a-mprec.o)
                0x000000000800be8c                __s2b
 .text.__hi0bits
                0x000000000800bf20       0x40 d:/stm32 cubeide/stm32cubeide_1.12.0/stm32cubeide/plugins/com.st.stm32cube.ide.mcu.externaltools.gnu-tools-for-stm32.10.3-2021.10.win32_1.0.200.202301161003/tools/bin/../lib/gcc/arm-none-eabi/10.3.1/../../../../arm-none-eabi/lib/thumb/v7e-m+fp/hard\libc_nano.a(lib_a-mprec.o)
                0x000000000800bf20                __hi0bits
 .text.__lo0bits
                0x000000000800bf60       0x5e d:/stm32 cubeide/stm32cubeide_1.12.0/stm32cubeide/plugins/com.st.stm32cube.ide.mcu.externaltools.gnu-tools-for-stm32.10.3-2021.10.win32_1.0.200.202301161003/tools/bin/../lib/gcc/arm-none-eabi/10.3.1/../../../../arm-none-eabi/lib/thumb/v7e-m+fp/hard\libc_nano.a(lib_a-mprec.o)
                0x000000000800bf60                __lo0bits
 *fill*         0x000000000800bfbe        0x2 
 .text.__i2b    0x000000000800bfc0       0x2c d:/stm32 cubeide/stm32cubeide_1.12.0/stm32cubeide/plugins/com.st.stm32cube.ide.mcu.externaltools.gnu-tools-for-stm32.10.3-2021.10.win32_1.0.200.202301161003/tools/bin/../lib/gcc/arm-none-eabi/10.3.1/../../../../arm-none-eabi/lib/thumb/v7e-m+fp/hard\libc_nano.a(lib_a-mprec.o)
                0x000000000800bfc0                __i2b
 .text.__multiply
                0x000000000800bfec      0x154 d:/stm32 cubeide/stm32cubeide_1.12.0/stm32cubeide/plugins/com.st.stm32cube.ide.mcu.externaltools.gnu-tools-for-stm32.10.3-2021.10.win32_1.0.200.202301161003/tools/bin/../lib/gcc/arm-none-eabi/10.3.1/../../../../arm-none-eabi/lib/thumb/v7e-m+fp/hard\libc_nano.a(lib_a-mprec.o)
                0x000000000800bfec                __multiply
 .text.__pow5mult
                0x000000000800c140       0xb4 d:/stm32 cubeide/stm32cubeide_1.12.0/stm32cubeide/plugins/com.st.stm32cube.ide.mcu.externaltools.gnu-tools-for-stm32.10.3-2021.10.win32_1.0.200.202301161003/tools/bin/../lib/gcc/arm-none-eabi/10.3.1/../../../../arm-none-eabi/lib/thumb/v7e-m+fp/hard\libc_nano.a(lib_a-mprec.o)
                0x000000000800c140                __pow5mult
 .text.__lshift
                0x000000000800c1f4       0xe0 d:/stm32 cubeide/stm32cubeide_1.12.0/stm32cubeide/plugins/com.st.stm32cube.ide.mcu.externaltools.gnu-tools-for-stm32.10.3-2021.10.win32_1.0.200.202301161003/tools/bin/../lib/gcc/arm-none-eabi/10.3.1/../../../../arm-none-eabi/lib/thumb/v7e-m+fp/hard\libc_nano.a(lib_a-mprec.o)
                0x000000000800c1f4                __lshift
 .text.__mcmp   0x000000000800c2d4       0x38 d:/stm32 cubeide/stm32cubeide_1.12.0/stm32cubeide/plugins/com.st.stm32cube.ide.mcu.externaltools.gnu-tools-for-stm32.10.3-2021.10.win32_1.0.200.202301161003/tools/bin/../lib/gcc/arm-none-eabi/10.3.1/../../../../arm-none-eabi/lib/thumb/v7e-m+fp/hard\libc_nano.a(lib_a-mprec.o)
                0x000000000800c2d4                __mcmp
 .text.__mdiff  0x000000000800c30c      0x114 d:/stm32 cubeide/stm32cubeide_1.12.0/stm32cubeide/plugins/com.st.stm32cube.ide.mcu.externaltools.gnu-tools-for-stm32.10.3-2021.10.win32_1.0.200.202301161003/tools/bin/../lib/gcc/arm-none-eabi/10.3.1/../../../../arm-none-eabi/lib/thumb/v7e-m+fp/hard\libc_nano.a(lib_a-mprec.o)
                0x000000000800c30c                __mdiff
 .text.__ulp    0x000000000800c420       0x58 d:/stm32 cubeide/stm32cubeide_1.12.0/stm32cubeide/plugins/com.st.stm32cube.ide.mcu.externaltools.gnu-tools-for-stm32.10.3-2021.10.win32_1.0.200.202301161003/tools/bin/../lib/gcc/arm-none-eabi/10.3.1/../../../../arm-none-eabi/lib/thumb/v7e-m+fp/hard\libc_nano.a(lib_a-mprec.o)
                0x000000000800c420                __ulp
 .text.__b2d    0x000000000800c478       0xa0 d:/stm32 cubeide/stm32cubeide_1.12.0/stm32cubeide/plugins/com.st.stm32cube.ide.mcu.externaltools.gnu-tools-for-stm32.10.3-2021.10.win32_1.0.200.202301161003/tools/bin/../lib/gcc/arm-none-eabi/10.3.1/../../../../arm-none-eabi/lib/thumb/v7e-m+fp/hard\libc_nano.a(lib_a-mprec.o)
                0x000000000800c478                __b2d
 .text.__d2b    0x000000000800c518       0xb8 d:/stm32 cubeide/stm32cubeide_1.12.0/stm32cubeide/plugins/com.st.stm32cube.ide.mcu.externaltools.gnu-tools-for-stm32.10.3-2021.10.win32_1.0.200.202301161003/tools/bin/../lib/gcc/arm-none-eabi/10.3.1/../../../../arm-none-eabi/lib/thumb/v7e-m+fp/hard\libc_nano.a(lib_a-mprec.o)
                0x000000000800c518                __d2b
 .text.__ratio  0x000000000800c5d0       0x66 d:/stm32 cubeide/stm32cubeide_1.12.0/stm32cubeide/plugins/com.st.stm32cube.ide.mcu.externaltools.gnu-tools-for-stm32.10.3-2021.10.win32_1.0.200.202301161003/tools/bin/../lib/gcc/arm-none-eabi/10.3.1/../../../../arm-none-eabi/lib/thumb/v7e-m+fp/hard\libc_nano.a(lib_a-mprec.o)
                0x000000000800c5d0                __ratio
 .text.__copybits
                0x000000000800c636       0x46 d:/stm32 cubeide/stm32cubeide_1.12.0/stm32cubeide/plugins/com.st.stm32cube.ide.mcu.externaltools.gnu-tools-for-stm32.10.3-2021.10.win32_1.0.200.202301161003/tools/bin/../lib/gcc/arm-none-eabi/10.3.1/../../../../arm-none-eabi/lib/thumb/v7e-m+fp/hard\libc_nano.a(lib_a-mprec.o)
                0x000000000800c636                __copybits
 .text.__any_on
                0x000000000800c67c       0x42 d:/stm32 cubeide/stm32cubeide_1.12.0/stm32cubeide/plugins/com.st.stm32cube.ide.mcu.externaltools.gnu-tools-for-stm32.10.3-2021.10.win32_1.0.200.202301161003/tools/bin/../lib/gcc/arm-none-eabi/10.3.1/../../../../arm-none-eabi/lib/thumb/v7e-m+fp/hard\libc_nano.a(lib_a-mprec.o)
                0x000000000800c67c                __any_on
 .text._calloc_r
                0x000000000800c6be       0x2c d:/stm32 cubeide/stm32cubeide_1.12.0/stm32cubeide/plugins/com.st.stm32cube.ide.mcu.externaltools.gnu-tools-for-stm32.10.3-2021.10.win32_1.0.200.202301161003/tools/bin/../lib/gcc/arm-none-eabi/10.3.1/../../../../arm-none-eabi/lib/thumb/v7e-m+fp/hard\libc_nano.a(lib_a-nano-callocr.o)
                0x000000000800c6be                _calloc_r
 .text.__ssputs_r
                0x000000000800c6ea       0xb6 d:/stm32 cubeide/stm32cubeide_1.12.0/stm32cubeide/plugins/com.st.stm32cube.ide.mcu.externaltools.gnu-tools-for-stm32.10.3-2021.10.win32_1.0.200.202301161003/tools/bin/../lib/gcc/arm-none-eabi/10.3.1/../../../../arm-none-eabi/lib/thumb/v7e-m+fp/hard\libc_nano.a(lib_a-nano-svfprintf.o)
                0x000000000800c6ea                __ssputs_r
 .text._svfprintf_r
                0x000000000800c7a0      0x200 d:/stm32 cubeide/stm32cubeide_1.12.0/stm32cubeide/plugins/com.st.stm32cube.ide.mcu.externaltools.gnu-tools-for-stm32.10.3-2021.10.win32_1.0.200.202301161003/tools/bin/../lib/gcc/arm-none-eabi/10.3.1/../../../../arm-none-eabi/lib/thumb/v7e-m+fp/hard\libc_nano.a(lib_a-nano-svfprintf.o)
                0x000000000800c7a0                _svfiprintf_r
                0x000000000800c7a0                _svfprintf_r
 .text._sungetc_r
                0x000000000800c9a0       0x7a d:/stm32 cubeide/stm32cubeide_1.12.0/stm32cubeide/plugins/com.st.stm32cube.ide.mcu.externaltools.gnu-tools-for-stm32.10.3-2021.10.win32_1.0.200.202301161003/tools/bin/../lib/gcc/arm-none-eabi/10.3.1/../../../../arm-none-eabi/lib/thumb/v7e-m+fp/hard\libc_nano.a(lib_a-nano-svfscanf.o)
                0x000000000800c9a0                _sungetc_r
 .text.__ssrefill_r
                0x000000000800ca1a       0x3a d:/stm32 cubeide/stm32cubeide_1.12.0/stm32cubeide/plugins/com.st.stm32cube.ide.mcu.externaltools.gnu-tools-for-stm32.10.3-2021.10.win32_1.0.200.202301161003/tools/bin/../lib/gcc/arm-none-eabi/10.3.1/../../../../arm-none-eabi/lib/thumb/v7e-m+fp/hard\libc_nano.a(lib_a-nano-svfscanf.o)
                0x000000000800ca1a                __ssrefill_r
 .text.__ssvfscanf_r
                0x000000000800ca54      0x2f0 d:/stm32 cubeide/stm32cubeide_1.12.0/stm32cubeide/plugins/com.st.stm32cube.ide.mcu.externaltools.gnu-tools-for-stm32.10.3-2021.10.win32_1.0.200.202301161003/tools/bin/../lib/gcc/arm-none-eabi/10.3.1/../../../../arm-none-eabi/lib/thumb/v7e-m+fp/hard\libc_nano.a(lib_a-nano-svfscanf.o)
                0x000000000800ca54                __ssvfiscanf_r
                0x000000000800ca54                __ssvfscanf_r
 .text._scanf_chars
                0x000000000800cd44       0xb4 d:/stm32 cubeide/stm32cubeide_1.12.0/stm32cubeide/plugins/com.st.stm32cube.ide.mcu.externaltools.gnu-tools-for-stm32.10.3-2021.10.win32_1.0.200.202301161003/tools/bin/../lib/gcc/arm-none-eabi/10.3.1/../../../../arm-none-eabi/lib/thumb/v7e-m+fp/hard\libc_nano.a(lib_a-nano-vfscanf_i.o)
                0x000000000800cd44                _scanf_chars
 .text._scanf_i
                0x000000000800cdf8      0x1f0 d:/stm32 cubeide/stm32cubeide_1.12.0/stm32cubeide/plugins/com.st.stm32cube.ide.mcu.externaltools.gnu-tools-for-stm32.10.3-2021.10.win32_1.0.200.202301161003/tools/bin/../lib/gcc/arm-none-eabi/10.3.1/../../../../arm-none-eabi/lib/thumb/v7e-m+fp/hard\libc_nano.a(lib_a-nano-vfscanf_i.o)
                0x000000000800cdf8                _scanf_i
 .text._read_r  0x000000000800cfe8       0x24 d:/stm32 cubeide/stm32cubeide_1.12.0/stm32cubeide/plugins/com.st.stm32cube.ide.mcu.externaltools.gnu-tools-for-stm32.10.3-2021.10.win32_1.0.200.202301161003/tools/bin/../lib/gcc/arm-none-eabi/10.3.1/../../../../arm-none-eabi/lib/thumb/v7e-m+fp/hard\libc_nano.a(lib_a-readr.o)
                0x000000000800cfe8                _read_r
 *fill*         0x000000000800d00c        0x4 
 .text.nan      0x000000000800d010       0x10 d:/stm32 cubeide/stm32cubeide_1.12.0/stm32cubeide/plugins/com.st.stm32cube.ide.mcu.externaltools.gnu-tools-for-stm32.10.3-2021.10.win32_1.0.200.202301161003/tools/bin/../lib/gcc/arm-none-eabi/10.3.1/../../../../arm-none-eabi/lib/thumb/v7e-m+fp/hard\libc_nano.a(lib_a-s_nan.o)
                0x000000000800d010                nan
 .text.__sccl   0x000000000800d020       0x70 d:/stm32 cubeide/stm32cubeide_1.12.0/stm32cubeide/plugins/com.st.stm32cube.ide.mcu.externaltools.gnu-tools-for-stm32.10.3-2021.10.win32_1.0.200.202301161003/tools/bin/../lib/gcc/arm-none-eabi/10.3.1/../../../../arm-none-eabi/lib/thumb/v7e-m+fp/hard\libc_nano.a(lib_a-sccl.o)
                0x000000000800d020                __sccl
 .text._strtoul_l.constprop.0
                0x000000000800d090       0xe4 d:/stm32 cubeide/stm32cubeide_1.12.0/stm32cubeide/plugins/com.st.stm32cube.ide.mcu.externaltools.gnu-tools-for-stm32.10.3-2021.10.win32_1.0.200.202301161003/tools/bin/../lib/gcc/arm-none-eabi/10.3.1/../../../../arm-none-eabi/lib/thumb/v7e-m+fp/hard\libc_nano.a(lib_a-strtoul.o)
 .text._strtoul_r
                0x000000000800d174        0x4 d:/stm32 cubeide/stm32cubeide_1.12.0/stm32cubeide/plugins/com.st.stm32cube.ide.mcu.externaltools.gnu-tools-for-stm32.10.3-2021.10.win32_1.0.200.202301161003/tools/bin/../lib/gcc/arm-none-eabi/10.3.1/../../../../arm-none-eabi/lib/thumb/v7e-m+fp/hard\libc_nano.a(lib_a-strtoul.o)
                0x000000000800d174                _strtoul_r
 .text.__submore
                0x000000000800d178       0x74 d:/stm32 cubeide/stm32cubeide_1.12.0/stm32cubeide/plugins/com.st.stm32cube.ide.mcu.externaltools.gnu-tools-for-stm32.10.3-2021.10.win32_1.0.200.202301161003/tools/bin/../lib/gcc/arm-none-eabi/10.3.1/../../../../arm-none-eabi/lib/thumb/v7e-m+fp/hard\libc_nano.a(lib_a-ungetc.o)
                0x000000000800d178                __submore
 .text.__ascii_wctomb
                0x000000000800d1ec       0x1a d:/stm32 cubeide/stm32cubeide_1.12.0/stm32cubeide/plugins/com.st.stm32cube.ide.mcu.externaltools.gnu-tools-for-stm32.10.3-2021.10.win32_1.0.200.202301161003/tools/bin/../lib/gcc/arm-none-eabi/10.3.1/../../../../arm-none-eabi/lib/thumb/v7e-m+fp/hard\libc_nano.a(lib_a-wctomb_r.o)
                0x000000000800d1ec                __ascii_wctomb
 *fill*         0x000000000800d206        0x2 
 .text.__assert_func
                0x000000000800d208       0x3c d:/stm32 cubeide/stm32cubeide_1.12.0/stm32cubeide/plugins/com.st.stm32cube.ide.mcu.externaltools.gnu-tools-for-stm32.10.3-2021.10.win32_1.0.200.202301161003/tools/bin/../lib/gcc/arm-none-eabi/10.3.1/../../../../arm-none-eabi/lib/thumb/v7e-m+fp/hard\libc_nano.a(lib_a-assert.o)
                0x000000000800d208                __assert_func
 .text.__sflush_r
                0x000000000800d244      0x10c d:/stm32 cubeide/stm32cubeide_1.12.0/stm32cubeide/plugins/com.st.stm32cube.ide.mcu.externaltools.gnu-tools-for-stm32.10.3-2021.10.win32_1.0.200.202301161003/tools/bin/../lib/gcc/arm-none-eabi/10.3.1/../../../../arm-none-eabi/lib/thumb/v7e-m+fp/hard\libc_nano.a(lib_a-fflush.o)
                0x000000000800d244                __sflush_r
 .text._fflush_r
                0x000000000800d350       0x78 d:/stm32 cubeide/stm32cubeide_1.12.0/stm32cubeide/plugins/com.st.stm32cube.ide.mcu.externaltools.gnu-tools-for-stm32.10.3-2021.10.win32_1.0.200.202301161003/tools/bin/../lib/gcc/arm-none-eabi/10.3.1/../../../../arm-none-eabi/lib/thumb/v7e-m+fp/hard\libc_nano.a(lib_a-fflush.o)
                0x000000000800d350                _fflush_r
 .text.std      0x000000000800d3c8       0x48 d:/stm32 cubeide/stm32cubeide_1.12.0/stm32cubeide/plugins/com.st.stm32cube.ide.mcu.externaltools.gnu-tools-for-stm32.10.3-2021.10.win32_1.0.200.202301161003/tools/bin/../lib/gcc/arm-none-eabi/10.3.1/../../../../arm-none-eabi/lib/thumb/v7e-m+fp/hard\libc_nano.a(lib_a-findfp.o)
 .text._cleanup_r
                0x000000000800d410        0xc d:/stm32 cubeide/stm32cubeide_1.12.0/stm32cubeide/plugins/com.st.stm32cube.ide.mcu.externaltools.gnu-tools-for-stm32.10.3-2021.10.win32_1.0.200.202301161003/tools/bin/../lib/gcc/arm-none-eabi/10.3.1/../../../../arm-none-eabi/lib/thumb/v7e-m+fp/hard\libc_nano.a(lib_a-findfp.o)
                0x000000000800d410                _cleanup_r
 .text.__sfmoreglue
                0x000000000800d41c       0x2c d:/stm32 cubeide/stm32cubeide_1.12.0/stm32cubeide/plugins/com.st.stm32cube.ide.mcu.externaltools.gnu-tools-for-stm32.10.3-2021.10.win32_1.0.200.202301161003/tools/bin/../lib/gcc/arm-none-eabi/10.3.1/../../../../arm-none-eabi/lib/thumb/v7e-m+fp/hard\libc_nano.a(lib_a-findfp.o)
                0x000000000800d41c                __sfmoreglue
 .text.__sfp_lock_acquire
                0x000000000800d448        0xc d:/stm32 cubeide/stm32cubeide_1.12.0/stm32cubeide/plugins/com.st.stm32cube.ide.mcu.externaltools.gnu-tools-for-stm32.10.3-2021.10.win32_1.0.200.202301161003/tools/bin/../lib/gcc/arm-none-eabi/10.3.1/../../../../arm-none-eabi/lib/thumb/v7e-m+fp/hard\libc_nano.a(lib_a-findfp.o)
                0x000000000800d448                __sfp_lock_acquire
 .text.__sfp_lock_release
                0x000000000800d454        0xc d:/stm32 cubeide/stm32cubeide_1.12.0/stm32cubeide/plugins/com.st.stm32cube.ide.mcu.externaltools.gnu-tools-for-stm32.10.3-2021.10.win32_1.0.200.202301161003/tools/bin/../lib/gcc/arm-none-eabi/10.3.1/../../../../arm-none-eabi/lib/thumb/v7e-m+fp/hard\libc_nano.a(lib_a-findfp.o)
                0x000000000800d454                __sfp_lock_release
 .text.__sinit_lock_acquire
                0x000000000800d460        0xc d:/stm32 cubeide/stm32cubeide_1.12.0/stm32cubeide/plugins/com.st.stm32cube.ide.mcu.externaltools.gnu-tools-for-stm32.10.3-2021.10.win32_1.0.200.202301161003/tools/bin/../lib/gcc/arm-none-eabi/10.3.1/../../../../arm-none-eabi/lib/thumb/v7e-m+fp/hard\libc_nano.a(lib_a-findfp.o)
                0x000000000800d460                __sinit_lock_acquire
 .text.__sinit_lock_release
                0x000000000800d46c        0xc d:/stm32 cubeide/stm32cubeide_1.12.0/stm32cubeide/plugins/com.st.stm32cube.ide.mcu.externaltools.gnu-tools-for-stm32.10.3-2021.10.win32_1.0.200.202301161003/tools/bin/../lib/gcc/arm-none-eabi/10.3.1/../../../../arm-none-eabi/lib/thumb/v7e-m+fp/hard\libc_nano.a(lib_a-findfp.o)
                0x000000000800d46c                __sinit_lock_release
 .text.__sinit  0x000000000800d478       0x70 d:/stm32 cubeide/stm32cubeide_1.12.0/stm32cubeide/plugins/com.st.stm32cube.ide.mcu.externaltools.gnu-tools-for-stm32.10.3-2021.10.win32_1.0.200.202301161003/tools/bin/../lib/gcc/arm-none-eabi/10.3.1/../../../../arm-none-eabi/lib/thumb/v7e-m+fp/hard\libc_nano.a(lib_a-findfp.o)
                0x000000000800d478                __sinit
 .text.__sfp    0x000000000800d4e8       0x8c d:/stm32 cubeide/stm32cubeide_1.12.0/stm32cubeide/plugins/com.st.stm32cube.ide.mcu.externaltools.gnu-tools-for-stm32.10.3-2021.10.win32_1.0.200.202301161003/tools/bin/../lib/gcc/arm-none-eabi/10.3.1/../../../../arm-none-eabi/lib/thumb/v7e-m+fp/hard\libc_nano.a(lib_a-findfp.o)
                0x000000000800d4e8                __sfp
 .text.fprintf  0x000000000800d574       0x24 d:/stm32 cubeide/stm32cubeide_1.12.0/stm32cubeide/plugins/com.st.stm32cube.ide.mcu.externaltools.gnu-tools-for-stm32.10.3-2021.10.win32_1.0.200.202301161003/tools/bin/../lib/gcc/arm-none-eabi/10.3.1/../../../../arm-none-eabi/lib/thumb/v7e-m+fp/hard\libc_nano.a(lib_a-fprintf.o)
                0x000000000800d574                fiprintf
                0x000000000800d574                fprintf
 .text._fwalk_reent
                0x000000000800d598       0x3e d:/stm32 cubeide/stm32cubeide_1.12.0/stm32cubeide/plugins/com.st.stm32cube.ide.mcu.externaltools.gnu-tools-for-stm32.10.3-2021.10.win32_1.0.200.202301161003/tools/bin/../lib/gcc/arm-none-eabi/10.3.1/../../../../arm-none-eabi/lib/thumb/v7e-m+fp/hard\libc_nano.a(lib_a-fwalk.o)
                0x000000000800d598                _fwalk_reent
 .text.__retarget_lock_init_recursive
                0x000000000800d5d6        0x2 d:/stm32 cubeide/stm32cubeide_1.12.0/stm32cubeide/plugins/com.st.stm32cube.ide.mcu.externaltools.gnu-tools-for-stm32.10.3-2021.10.win32_1.0.200.202301161003/tools/bin/../lib/gcc/arm-none-eabi/10.3.1/../../../../arm-none-eabi/lib/thumb/v7e-m+fp/hard\libc_nano.a(lib_a-lock.o)
                0x000000000800d5d6                __retarget_lock_init_recursive
 .text.__retarget_lock_acquire_recursive
                0x000000000800d5d8        0x2 d:/stm32 cubeide/stm32cubeide_1.12.0/stm32cubeide/plugins/com.st.stm32cube.ide.mcu.externaltools.gnu-tools-for-stm32.10.3-2021.10.win32_1.0.200.202301161003/tools/bin/../lib/gcc/arm-none-eabi/10.3.1/../../../../arm-none-eabi/lib/thumb/v7e-m+fp/hard\libc_nano.a(lib_a-lock.o)
                0x000000000800d5d8                __retarget_lock_acquire_recursive
 .text.__retarget_lock_release_recursive
                0x000000000800d5da        0x2 d:/stm32 cubeide/stm32cubeide_1.12.0/stm32cubeide/plugins/com.st.stm32cube.ide.mcu.externaltools.gnu-tools-for-stm32.10.3-2021.10.win32_1.0.200.202301161003/tools/bin/../lib/gcc/arm-none-eabi/10.3.1/../../../../arm-none-eabi/lib/thumb/v7e-m+fp/hard\libc_nano.a(lib_a-lock.o)
                0x000000000800d5da                __retarget_lock_release_recursive
 .text._realloc_r
                0x000000000800d5dc       0x5e d:/stm32 cubeide/stm32cubeide_1.12.0/stm32cubeide/plugins/com.st.stm32cube.ide.mcu.externaltools.gnu-tools-for-stm32.10.3-2021.10.win32_1.0.200.202301161003/tools/bin/../lib/gcc/arm-none-eabi/10.3.1/../../../../arm-none-eabi/lib/thumb/v7e-m+fp/hard\libc_nano.a(lib_a-nano-reallocr.o)
                0x000000000800d5dc                _realloc_r
 .text.__sfputc_r
                0x000000000800d63a       0x2e d:/stm32 cubeide/stm32cubeide_1.12.0/stm32cubeide/plugins/com.st.stm32cube.ide.mcu.externaltools.gnu-tools-for-stm32.10.3-2021.10.win32_1.0.200.202301161003/tools/bin/../lib/gcc/arm-none-eabi/10.3.1/../../../../arm-none-eabi/lib/thumb/v7e-m+fp/hard\libc_nano.a(lib_a-nano-vfprintf.o)
 .text.__sfputs_r
                0x000000000800d668       0x24 d:/stm32 cubeide/stm32cubeide_1.12.0/stm32cubeide/plugins/com.st.stm32cube.ide.mcu.externaltools.gnu-tools-for-stm32.10.3-2021.10.win32_1.0.200.202301161003/tools/bin/../lib/gcc/arm-none-eabi/10.3.1/../../../../arm-none-eabi/lib/thumb/v7e-m+fp/hard\libc_nano.a(lib_a-nano-vfprintf.o)
                0x000000000800d668                __sfputs_r
 .text._vfprintf_r
                0x000000000800d68c      0x260 d:/stm32 cubeide/stm32cubeide_1.12.0/stm32cubeide/plugins/com.st.stm32cube.ide.mcu.externaltools.gnu-tools-for-stm32.10.3-2021.10.win32_1.0.200.202301161003/tools/bin/../lib/gcc/arm-none-eabi/10.3.1/../../../../arm-none-eabi/lib/thumb/v7e-m+fp/hard\libc_nano.a(lib_a-nano-vfprintf.o)
                0x000000000800d68c                _vfprintf_r
                0x000000000800d68c                _vfiprintf_r
 .text.__swbuf_r
                0x000000000800d8ec       0xa4 d:/stm32 cubeide/stm32cubeide_1.12.0/stm32cubeide/plugins/com.st.stm32cube.ide.mcu.externaltools.gnu-tools-for-stm32.10.3-2021.10.win32_1.0.200.202301161003/tools/bin/../lib/gcc/arm-none-eabi/10.3.1/../../../../arm-none-eabi/lib/thumb/v7e-m+fp/hard\libc_nano.a(lib_a-wbuf.o)
                0x000000000800d8ec                __swbuf_r
 .text.__swsetup_r
                0x000000000800d990       0xdc d:/stm32 cubeide/stm32cubeide_1.12.0/stm32cubeide/plugins/com.st.stm32cube.ide.mcu.externaltools.gnu-tools-for-stm32.10.3-2021.10.win32_1.0.200.202301161003/tools/bin/../lib/gcc/arm-none-eabi/10.3.1/../../../../arm-none-eabi/lib/thumb/v7e-m+fp/hard\libc_nano.a(lib_a-wsetup.o)
                0x000000000800d990                __swsetup_r
 .text.abort    0x000000000800da6c        0xe d:/stm32 cubeide/stm32cubeide_1.12.0/stm32cubeide/plugins/com.st.stm32cube.ide.mcu.externaltools.gnu-tools-for-stm32.10.3-2021.10.win32_1.0.200.202301161003/tools/bin/../lib/gcc/arm-none-eabi/10.3.1/../../../../arm-none-eabi/lib/thumb/v7e-m+fp/hard\libc_nano.a(lib_a-abort.o)
                0x000000000800da6c                abort
 .text.__swhatbuf_r
                0x000000000800da7a       0x4a d:/stm32 cubeide/stm32cubeide_1.12.0/stm32cubeide/plugins/com.st.stm32cube.ide.mcu.externaltools.gnu-tools-for-stm32.10.3-2021.10.win32_1.0.200.202301161003/tools/bin/../lib/gcc/arm-none-eabi/10.3.1/../../../../arm-none-eabi/lib/thumb/v7e-m+fp/hard\libc_nano.a(lib_a-makebuf.o)
                0x000000000800da7a                __swhatbuf_r
 .text.__smakebuf_r
                0x000000000800dac4       0x80 d:/stm32 cubeide/stm32cubeide_1.12.0/stm32cubeide/plugins/com.st.stm32cube.ide.mcu.externaltools.gnu-tools-for-stm32.10.3-2021.10.win32_1.0.200.202301161003/tools/bin/../lib/gcc/arm-none-eabi/10.3.1/../../../../arm-none-eabi/lib/thumb/v7e-m+fp/hard\libc_nano.a(lib_a-makebuf.o)
                0x000000000800dac4                __smakebuf_r
 .text._malloc_usable_size_r
                0x000000000800db44       0x10 d:/stm32 cubeide/stm32cubeide_1.12.0/stm32cubeide/plugins/com.st.stm32cube.ide.mcu.externaltools.gnu-tools-for-stm32.10.3-2021.10.win32_1.0.200.202301161003/tools/bin/../lib/gcc/arm-none-eabi/10.3.1/../../../../arm-none-eabi/lib/thumb/v7e-m+fp/hard\libc_nano.a(lib_a-nano-msizer.o)
                0x000000000800db44                _malloc_usable_size_r
 .text._raise_r
                0x000000000800db54       0x50 d:/stm32 cubeide/stm32cubeide_1.12.0/stm32cubeide/plugins/com.st.stm32cube.ide.mcu.externaltools.gnu-tools-for-stm32.10.3-2021.10.win32_1.0.200.202301161003/tools/bin/../lib/gcc/arm-none-eabi/10.3.1/../../../../arm-none-eabi/lib/thumb/v7e-m+fp/hard\libc_nano.a(lib_a-signal.o)
                0x000000000800db54                _raise_r
 .text.raise    0x000000000800dba4       0x10 d:/stm32 cubeide/stm32cubeide_1.12.0/stm32cubeide/plugins/com.st.stm32cube.ide.mcu.externaltools.gnu-tools-for-stm32.10.3-2021.10.win32_1.0.200.202301161003/tools/bin/../lib/gcc/arm-none-eabi/10.3.1/../../../../arm-none-eabi/lib/thumb/v7e-m+fp/hard\libc_nano.a(lib_a-signal.o)
                0x000000000800dba4                raise