../Core/Src/main.c:162:5:main	64	static
../Core/Src/main.c:273:6:SystemClock_Config	88	static
../Core/Src/main.c:312:13:MX_ADC1_Init	24	static
../Core/Src/main.c:361:13:MX_I2C1_Init	8	static
../Core/Src/main.c:393:13:MX_I2C2_Init	8	static
../Core/Src/main.c:425:13:MX_SPI1_Init	8	static
../Core/Src/main.c:461:13:MX_TIM2_Init	32	static
../Core/Src/main.c:503:13:MX_TIM3_Init	32	static
../Core/Src/main.c:545:13:MX_USART1_UART_Init	8	static
../Core/Src/main.c:576:13:MX_GPIO_Init	40	static
../Core/Src/main.c:624:6:Update_Screen	24	static
../Core/Src/main.c:633:6:Display_First_Screen	24	static
../Core/Src/main.c:639:6:HAL_GPIO_EXTI_Callback	24	static
../Core/Src/main.c:674:6:HAL_TIM_PeriodElapsedCallback	24	static
../Core/Src/main.c:682:16:checkDay_i	16	static
../Core/Src/main.c:686:9:checkDay_a	24	static
../Core/Src/main.c:695:6:HAL_UART_RxCpltCallback	16	static
../Core/Src/main.c:708:6:HAL_SPI_TxRxCpltCallback	16	static
../Core/Src/main.c:714:6:getADC_value	24	static
../Core/Src/main.c:737:6:saveValue	8	static
../Core/Src/main.c:756:6:readValue	16	static
../Core/Src/main.c:768:6:HandleCommand	64	static
../Core/Src/main.c:806:6:Error_Handler	4	static,ignoring_inline_asm
