../Core/Src/MQ135/MQ135.c:5:8:MQ135_getVoltage	16	static
../Core/Src/MQ135/MQ135.c:9:8:MQ135_getCorrectionFactor	24	static
../Core/Src/MQ135/MQ135.c:14:8:MQ135_getResistance	32	static
../Core/Src/MQ135/MQ135.c:23:8:MQ135_getCorrectResistance	48	static
../Core/Src/MQ135/MQ135.c:28:8:MQ135_getPPM	48	static
../Core/Src/MQ135/MQ135.c:37:8:MQ135_getCorrectPPM	56	static
../Core/Src/MQ135/MQ135.c:44:8:MQ135_getPPMLinear	56	static
../Core/Src/MQ135/MQ135.c:54:8:MQ135_getAcetone	16	static
../Core/Src/MQ135/MQ135.c:58:8:MQ135_getCorrectAcetone	24	static
../Core/Src/MQ135/MQ135.c:62:8:MQ135_getAlcohol	16	static
../Core/Src/MQ135/MQ135.c:66:8:MQ135_getCorrectAlcohol	24	static
../Core/Src/MQ135/MQ135.c:70:8:MQ135_getCO2	16	static
../Core/Src/MQ135/MQ135.c:74:8:MQ135_getCorrectCO2	24	static
../Core/Src/MQ135/MQ135.c:78:8:MQ135_getCO	16	static
../Core/Src/MQ135/MQ135.c:82:8:MQ135_getCorrectCO	24	static
../Core/Src/MQ135/MQ135.c:86:8:MQ135_getNH4	16	static
../Core/Src/MQ135/MQ135.c:90:8:MQ135_getCorrectNH4	24	static
../Core/Src/MQ135/MQ135.c:94:8:MQ135_getToluene	16	static
../Core/Src/MQ135/MQ135.c:98:8:MQ135_getCorrectToluene	24	static
../Core/Src/MQ135/MQ135.c:140:6:getAQI_val	16	static
../Core/Src/MQ135/MQ135.c:149:6:getAQI_Correctval	24	static
